Copyright 1986-2018 Xilinx, Inc. All Rights Reserved.
------------------------------------------------------------------------------------------
| Tool Version : Vivado v.2018.2 (win64) Build 2258646 Thu Jun 14 20:03:12 MDT 2018
| Date         : Thu Jan 17 11:47:52 2019
| Host         : DESKTOP-U4BH5TS running 64-bit major release  (build 9200)
| Command      : report_control_sets -verbose -file Cheating_dice_control_sets_placed.rpt
| Design       : Cheating_dice
| Device       : xc7a35t
------------------------------------------------------------------------------------------

Control Set Information

Table of Contents
-----------------
1. Summary
2. Histogram
3. Flip-Flop Distribution
4. Detailed Control Set Information

1. Summary
----------

+----------------------------------------------------------+-------+
|                          Status                          | Count |
+----------------------------------------------------------+-------+
| Number of unique control sets                            |     3 |
| Unused register locations in slices containing registers |     6 |
+----------------------------------------------------------+-------+


2. Histogram
------------

+--------+--------------+
| Fanout | Control Sets |
+--------+--------------+
|     10 |            1 |
|    16+ |            2 |
+--------+--------------+


3. Flip-Flop Distribution
-------------------------

+--------------+-----------------------+------------------------+-----------------+--------------+
| Clock Enable | Synchronous Set/Reset | Asynchronous Set/Reset | Total Registers | Total Slices |
+--------------+-----------------------+------------------------+-----------------+--------------+
| No           | No                    | No                     |              10 |            3 |
| No           | No                    | Yes                    |               0 |            0 |
| No           | Yes                   | No                     |              64 |            8 |
| Yes          | No                    | No                     |               0 |            0 |
| Yes          | No                    | Yes                    |               0 |            0 |
| Yes          | Yes                   | No                     |              64 |            8 |
+--------------+-----------------------+------------------------+-----------------+--------------+


4. Detailed Control Set Information
-----------------------------------

+----------------+---------------+-----------------------------------+------------------+----------------+
|  Clock Signal  | Enable Signal |          Set/Reset Signal         | Slice Load Count | Bel Load Count |
+----------------+---------------+-----------------------------------+------------------+----------------+
|  clk_IBUF_BUFG |               |                                   |                3 |             10 |
|  clk_IBUF_BUFG |               | Gen_dice/CLKcounter1_carry__2_n_4 |                8 |             64 |
|  clk_IBUF_BUFG | btn_IBUF      | time_counter                      |                8 |             64 |
+----------------+---------------+-----------------------------------+------------------+----------------+


