21:16:02 **** Build of project Helloworld_bsp ****
make -k all 
"Running Make include in microblaze_0/libsrc/cpu_v2_8/src"
make -C microblaze_0/libsrc/cpu_v2_8/src -s include  "SHELL=CMD" "COMPILER=mb-gcc" "ARCHIVER=mb-ar" "COMPILER_FLAGS=  -O2 -c -mcpu=v11.0 -mlittle-endian -mxl-soft-mul" "EXTRA_COMPILER_FLAGS=-ffunction-sections -fdata-sections -Wall -Wextra"
"Running Make include in microblaze_0/libsrc/standalone_v6_8/src"
make -C microblaze_0/libsrc/standalone_v6_8/src -s include  "SHELL=CMD" "COMPILER=mb-gcc" "ARCHIVER=mb-ar" "COMPILER_FLAGS=  -O2 -c -mcpu=v11.0 -mlittle-endian -mxl-soft-mul" "EXTRA_COMPILER_FLAGS=-ffunction-sections -fdata-sections -Wall -Wextra"
"Running Make include in microblaze_0/libsrc/PmodACL2_v1_0/src"
make -C microblaze_0/libsrc/PmodACL2_v1_0/src -s include  "SHELL=CMD" "COMPILER=mb-gcc" "ARCHIVER=mb-ar" "COMPILER_FLAGS=  -O2 -c -mcpu=v11.0 -mlittle-endian -mxl-soft-mul" "EXTRA_COMPILER_FLAGS=-ffunction-sections -fdata-sections -Wall -Wextra"
"Running Make include in microblaze_0/libsrc/bram_v4_2/src"
make -C microblaze_0/libsrc/bram_v4_2/src -s include  "SHELL=CMD" "COMPILER=mb-gcc" "ARCHIVER=mb-ar" "COMPILER_FLAGS=  -O2 -c -mcpu=v11.0 -mlittle-endian -mxl-soft-mul" "EXTRA_COMPILER_FLAGS=-ffunction-sections -fdata-sections -Wall -Wextra"
"Running Make include in microblaze_0/libsrc/gpio_v4_3/src"
make -C microblaze_0/libsrc/gpio_v4_3/src -s include  "SHELL=CMD" "COMPILER=mb-gcc" "ARCHIVER=mb-ar" "COMPILER_FLAGS=  -O2 -c -mcpu=v11.0 -mlittle-endian -mxl-soft-mul" "EXTRA_COMPILER_FLAGS=-ffunction-sections -fdata-sections -Wall -Wextra"
"Running Make include in microblaze_0/libsrc/uartlite_v3_2/src"
make -C microblaze_0/libsrc/uartlite_v3_2/src -s include  "SHELL=CMD" "COMPILER=mb-gcc" "ARCHIVER=mb-ar" "COMPILER_FLAGS=  -O2 -c -mcpu=v11.0 -mlittle-endian -mxl-soft-mul" "EXTRA_COMPILER_FLAGS=-ffunction-sections -fdata-sections -Wall -Wextra"
"Running Make libs in microblaze_0/libsrc/cpu_v2_8/src"
make -C microblaze_0/libsrc/cpu_v2_8/src -s libs  "SHELL=CMD" "COMPILER=mb-gcc" "ARCHIVER=mb-ar" "COMPILER_FLAGS=  -O2 -c -mcpu=v11.0 -mlittle-endian -mxl-soft-mul" "EXTRA_COMPILER_FLAGS=-ffunction-sections -fdata-sections -Wall -Wextra"
"Compiling cpu"
mb-ar: creating ../../../lib/libxil.a
"Running Make libs in microblaze_0/libsrc/standalone_v6_8/src"
make -C microblaze_0/libsrc/standalone_v6_8/src -s libs  "SHELL=CMD" "COMPILER=mb-gcc" "ARCHIVER=mb-ar" "COMPILER_FLAGS=  -O2 -c -mcpu=v11.0 -mlittle-endian -mxl-soft-mul" "EXTRA_COMPILER_FLAGS=-ffunction-sections -fdata-sections -Wall -Wextra"
"Compiling standalone";
microblaze_sleep.c:77:9: note: #pragma message: For the sleep routines, assembly instructions are used
 #pragma message ("For the sleep routines, assembly instructions are used")
         ^~~~~~~
"Running Make libs in microblaze_0/libsrc/PmodACL2_v1_0/src"
make -C microblaze_0/libsrc/PmodACL2_v1_0/src -s libs  "SHELL=CMD" "COMPILER=mb-gcc" "ARCHIVER=mb-ar" "COMPILER_FLAGS=  -O2 -c -mcpu=v11.0 -mlittle-endian -mxl-soft-mul" "EXTRA_COMPILER_FLAGS=-ffunction-sections -fdata-sections -Wall -Wextra"
"Compiling PmodACL2..."
"Running Make libs in microblaze_0/libsrc/bram_v4_2/src"
make -C microblaze_0/libsrc/bram_v4_2/src -s libs  "SHELL=CMD" "COMPILER=mb-gcc" "ARCHIVER=mb-ar" "COMPILER_FLAGS=  -O2 -c -mcpu=v11.0 -mlittle-endian -mxl-soft-mul" "EXTRA_COMPILER_FLAGS=-ffunction-sections -fdata-sections -Wall -Wextra"
"Compiling bram"
"Running Make libs in microblaze_0/libsrc/gpio_v4_3/src"
make -C microblaze_0/libsrc/gpio_v4_3/src -s libs  "SHELL=CMD" "COMPILER=mb-gcc" "ARCHIVER=mb-ar" "COMPILER_FLAGS=  -O2 -c -mcpu=v11.0 -mlittle-endian -mxl-soft-mul" "EXTRA_COMPILER_FLAGS=-ffunction-sections -fdata-sections -Wall -Wextra"
"Compiling gpio"
"Running Make libs in microblaze_0/libsrc/uartlite_v3_2/src"
make -C microblaze_0/libsrc/uartlite_v3_2/src -s libs  "SHELL=CMD" "COMPILER=mb-gcc" "ARCHIVER=mb-ar" "COMPILER_FLAGS=  -O2 -c -mcpu=v11.0 -mlittle-endian -mxl-soft-mul" "EXTRA_COMPILER_FLAGS=-ffunction-sections -fdata-sections -Wall -Wextra"
"Compiling uartlite"
'Finished building libraries'
21:16:06 **** Build of configuration Debug for project Helloworld ****
make all 
'Building file: ../src/helloworld.c'
'Invoking: MicroBlaze gcc compiler'
mb-gcc -Wall -O0 -g3 -c -fmessage-length=0 -MT"src/helloworld.o" -I../../Helloworld_bsp/microblaze_0/include -mlittle-endian -mcpu=v11.0 -mxl-soft-mul -Wl,--no-relax -ffunction-sections -fdata-sections -MMD -MP -MF"src/helloworld.d" -MT"src/helloworld.o" -o "src/helloworld.o" "../src/helloworld.c"
'Finished building: ../src/helloworld.c'
' '
'Building file: ../src/platform.c'
'Invoking: MicroBlaze gcc compiler'
mb-gcc -Wall -O0 -g3 -c -fmessage-length=0 -MT"src/platform.o" -I../../Helloworld_bsp/microblaze_0/include -mlittle-endian -mcpu=v11.0 -mxl-soft-mul -Wl,--no-relax -ffunction-sections -fdata-sections -MMD -MP -MF"src/platform.d" -MT"src/platform.o" -o "src/platform.o" "../src/platform.c"
'Finished building: ../src/platform.c'
' '
'Building target: Helloworld.elf'
'Invoking: MicroBlaze gcc linker'
mb-gcc -Wl,-T -Wl,../src/lscript.ld -L../../Helloworld_bsp/microblaze_0/lib -mlittle-endian -mcpu=v11.0 -mxl-soft-mul -Wl,--no-relax -Wl,--gc-sections -o "Helloworld.elf"  ./src/helloworld.o ./src/platform.o   -Wl,--start-group,-lxil,-lgcc,-lc,--end-group
'Finished building target: Helloworld.elf'
' '
'Invoking: MicroBlaze Print Size'
mb-size Helloworld.elf  |tee "Helloworld.elf.size"
   text	   data	    bss	    dec	    hex	filename
   2712	    268	   3108	   6088	   17c8	Helloworld.elf
'Finished building: Helloworld.elf.size'
' '
21:16:08 **** Auto Build of configuration Debug for project Helloworld ****
make all 
make: Nothing to be done for 'all'.
21:17:12 **** Incremental Build of configuration Debug for project Helloworld ****
make all 
make: Nothing to be done for 'all'.
21:18:18 **** Build of project ABC_Controller_bsp ****
make -k all 
"Running Make include in microblaze_0/libsrc/cpu_v2_8/src"
make -C microblaze_0/libsrc/cpu_v2_8/src -s include  "SHELL=CMD" "COMPILER=mb-gcc" "ARCHIVER=mb-ar" "COMPILER_FLAGS=  -O2 -c -mcpu=v11.0 -mlittle-endian -mxl-soft-mul" "EXTRA_COMPILER_FLAGS=-ffunction-sections -fdata-sections -Wall -Wextra"
"Running Make include in microblaze_0/libsrc/standalone_v6_8/src"
make -C microblaze_0/libsrc/standalone_v6_8/src -s include  "SHELL=CMD" "COMPILER=mb-gcc" "ARCHIVER=mb-ar" "COMPILER_FLAGS=  -O2 -c -mcpu=v11.0 -mlittle-endian -mxl-soft-mul" "EXTRA_COMPILER_FLAGS=-ffunction-sections -fdata-sections -Wall -Wextra"
"Running Make include in microblaze_0/libsrc/PmodACL2_v1_0/src"
make -C microblaze_0/libsrc/PmodACL2_v1_0/src -s include  "SHELL=CMD" "COMPILER=mb-gcc" "ARCHIVER=mb-ar" "COMPILER_FLAGS=  -O2 -c -mcpu=v11.0 -mlittle-endian -mxl-soft-mul" "EXTRA_COMPILER_FLAGS=-ffunction-sections -fdata-sections -Wall -Wextra"
"Running Make include in microblaze_0/libsrc/bram_v4_2/src"
make -C microblaze_0/libsrc/bram_v4_2/src -s include  "SHELL=CMD" "COMPILER=mb-gcc" "ARCHIVER=mb-ar" "COMPILER_FLAGS=  -O2 -c -mcpu=v11.0 -mlittle-endian -mxl-soft-mul" "EXTRA_COMPILER_FLAGS=-ffunction-sections -fdata-sections -Wall -Wextra"
"Running Make include in microblaze_0/libsrc/gpio_v4_3/src"
make -C microblaze_0/libsrc/gpio_v4_3/src -s include  "SHELL=CMD" "COMPILER=mb-gcc" "ARCHIVER=mb-ar" "COMPILER_FLAGS=  -O2 -c -mcpu=v11.0 -mlittle-endian -mxl-soft-mul" "EXTRA_COMPILER_FLAGS=-ffunction-sections -fdata-sections -Wall -Wextra"
"Running Make include in microblaze_0/libsrc/uartlite_v3_2/src"
make -C microblaze_0/libsrc/uartlite_v3_2/src -s include  "SHELL=CMD" "COMPILER=mb-gcc" "ARCHIVER=mb-ar" "COMPILER_FLAGS=  -O2 -c -mcpu=v11.0 -mlittle-endian -mxl-soft-mul" "EXTRA_COMPILER_FLAGS=-ffunction-sections -fdata-sections -Wall -Wextra"
"Running Make libs in microblaze_0/libsrc/cpu_v2_8/src"
make -C microblaze_0/libsrc/cpu_v2_8/src -s libs  "SHELL=CMD" "COMPILER=mb-gcc" "ARCHIVER=mb-ar" "COMPILER_FLAGS=  -O2 -c -mcpu=v11.0 -mlittle-endian -mxl-soft-mul" "EXTRA_COMPILER_FLAGS=-ffunction-sections -fdata-sections -Wall -Wextra"
"Compiling cpu"
mb-ar: creating ../../../lib/libxil.a
"Running Make libs in microblaze_0/libsrc/standalone_v6_8/src"
make -C microblaze_0/libsrc/standalone_v6_8/src -s libs  "SHELL=CMD" "COMPILER=mb-gcc" "ARCHIVER=mb-ar" "COMPILER_FLAGS=  -O2 -c -mcpu=v11.0 -mlittle-endian -mxl-soft-mul" "EXTRA_COMPILER_FLAGS=-ffunction-sections -fdata-sections -Wall -Wextra"
"Compiling standalone";
microblaze_sleep.c:77:9: note: #pragma message: For the sleep routines, assembly instructions are used
 #pragma message ("For the sleep routines, assembly instructions are used")
         ^~~~~~~
"Running Make libs in microblaze_0/libsrc/PmodACL2_v1_0/src"
make -C microblaze_0/libsrc/PmodACL2_v1_0/src -s libs  "SHELL=CMD" "COMPILER=mb-gcc" "ARCHIVER=mb-ar" "COMPILER_FLAGS=  -O2 -c -mcpu=v11.0 -mlittle-endian -mxl-soft-mul" "EXTRA_COMPILER_FLAGS=-ffunction-sections -fdata-sections -Wall -Wextra"
"Compiling PmodACL2..."
"Running Make libs in microblaze_0/libsrc/bram_v4_2/src"
make -C microblaze_0/libsrc/bram_v4_2/src -s libs  "SHELL=CMD" "COMPILER=mb-gcc" "ARCHIVER=mb-ar" "COMPILER_FLAGS=  -O2 -c -mcpu=v11.0 -mlittle-endian -mxl-soft-mul" "EXTRA_COMPILER_FLAGS=-ffunction-sections -fdata-sections -Wall -Wextra"
"Compiling bram"
"Running Make libs in microblaze_0/libsrc/gpio_v4_3/src"
make -C microblaze_0/libsrc/gpio_v4_3/src -s libs  "SHELL=CMD" "COMPILER=mb-gcc" "ARCHIVER=mb-ar" "COMPILER_FLAGS=  -O2 -c -mcpu=v11.0 -mlittle-endian -mxl-soft-mul" "EXTRA_COMPILER_FLAGS=-ffunction-sections -fdata-sections -Wall -Wextra"
"Compiling gpio"
"Running Make libs in microblaze_0/libsrc/uartlite_v3_2/src"
make -C microblaze_0/libsrc/uartlite_v3_2/src -s libs  "SHELL=CMD" "COMPILER=mb-gcc" "ARCHIVER=mb-ar" "COMPILER_FLAGS=  -O2 -c -mcpu=v11.0 -mlittle-endian -mxl-soft-mul" "EXTRA_COMPILER_FLAGS=-ffunction-sections -fdata-sections -Wall -Wextra"
"Compiling uartlite"
'Finished building libraries'
21:18:22 **** Build of configuration Debug for project ABC_Controller ****
make all 
'Building file: ../src/main.cc'
'Invoking: MicroBlaze g++ compiler'
mb-g++ -Wall -O0 -g3 -c -fmessage-length=0 -MT"src/main.o" -I../../ABC_Controller_bsp/microblaze_0/include -mlittle-endian -mcpu=v11.0 -mxl-soft-mul -Wl,--no-relax -ffunction-sections -fdata-sections -MMD -MP -MF"src/main.d" -MT"src/main.o" -o "src/main.o" "../src/main.cc"
'Finished building: ../src/main.cc'
' '
'Building target: ABC_Controller.elf'
'Invoking: MicroBlaze g++ linker'
mb-g++ -Wl,-T -Wl,../src/lscript.ld -L../../ABC_Controller_bsp/microblaze_0/lib -mlittle-endian -mcpu=v11.0 -mxl-soft-mul -Wl,--no-relax -Wl,--gc-sections -o "ABC_Controller.elf"  ./src/main.o   -Wl,--start-group,-lxil,-lgcc,-lc,-lstdc++,--end-group
'Finished building target: ABC_Controller.elf'
' '
'Invoking: MicroBlaze Print Size'
mb-size ABC_Controller.elf  |tee "ABC_Controller.elf.size"
   text	   data	    bss	    dec	    hex	filename
   1952	    268	   3108	   5328	   14d0	ABC_Controller.elf
'Finished building: ABC_Controller.elf.size'
' '
21:18:24 **** Auto Build of configuration Debug for project ABC_Controller ****
make all 
make: Nothing to be done for 'all'.
21:20:37 **** Auto Build of configuration Debug for project ABC_Controller ****
make all 
make: Nothing to be done for 'all'.
21:20:58 **** Clean-only build of configuration Debug for project ABC_Controller ****
make clean 
rm -rf  ./src/main.d  ./src/helloworld.o ./src/main.o ./src/platform.o  ./src/helloworld.d ./src/platform.d  ABC_Controller.elf.size  ABC_Controller.elf
' '
21:20:59 **** Auto Build of configuration Debug for project ABC_Controller ****
make all 
'Building file: ../src/main.cc'
'Invoking: MicroBlaze g++ compiler'
mb-g++ -Wall -O0 -g3 -c -fmessage-length=0 -MT"src/main.o" -I../../ABC_Controller_bsp/microblaze_0/include -mlittle-endian -mcpu=v11.0 -mxl-soft-mul -Wl,--no-relax -ffunction-sections -fdata-sections -MMD -MP -MF"src/main.d" -MT"src/main.o" -o "src/main.o" "../src/main.cc"
'Finished building: ../src/main.cc'
' '
'Building file: ../src/platform.c'
'Invoking: MicroBlaze g++ compiler'
mb-g++ -Wall -O0 -g3 -c -fmessage-length=0 -MT"src/platform.o" -I../../ABC_Controller_bsp/microblaze_0/include -mlittle-endian -mcpu=v11.0 -mxl-soft-mul -Wl,--no-relax -ffunction-sections -fdata-sections -MMD -MP -MF"src/platform.d" -MT"src/platform.o" -o "src/platform.o" "../src/platform.c"
'Finished building: ../src/platform.c'
' '
'Building target: ABC_Controller.elf'
'Invoking: MicroBlaze g++ linker'
mb-g++ -Wl,-T -Wl,../src/lscript.ld -L../../ABC_Controller_bsp/microblaze_0/lib -mlittle-endian -mcpu=v11.0 -mxl-soft-mul -Wl,--no-relax -Wl,--gc-sections -o "ABC_Controller.elf"  ./src/main.o ./src/platform.o   -Wl,--start-group,-lxil,-lgcc,-lc,-lstdc++,--end-group
'Finished building target: ABC_Controller.elf'
' '
'Invoking: MicroBlaze Print Size'
mb-size ABC_Controller.elf  |tee "ABC_Controller.elf.size"
   text	   data	    bss	    dec	    hex	filename
   1952	    268	   3108	   5328	   14d0	ABC_Controller.elf
'Finished building: ABC_Controller.elf.size'
' '
21:21:15 **** Auto Build of configuration Debug for project ABC_Controller ****
make all 
'Building file: ../src/main.cc'
'Invoking: MicroBlaze g++ compiler'
mb-g++ -Wall -O0 -g3 -c -fmessage-length=0 -MT"src/main.o" -I../../ABC_Controller_bsp/microblaze_0/include -mlittle-endian -mcpu=v11.0 -mxl-soft-mul -Wl,--no-relax -ffunction-sections -fdata-sections -MMD -MP -MF"src/main.d" -MT"src/main.o" -o "src/main.o" "../src/main.cc"
'Finished building: ../src/main.cc'
' '
'Building target: ABC_Controller.elf'
'Invoking: MicroBlaze g++ linker'
mb-g++ -Wl,-T -Wl,../src/lscript.ld -L../../ABC_Controller_bsp/microblaze_0/lib -mlittle-endian -mcpu=v11.0 -mxl-soft-mul -Wl,--no-relax -Wl,--gc-sections -o "ABC_Controller.elf"  ./src/main.o ./src/platform.o   -Wl,--start-group,-lxil,-lgcc,-lc,-lstdc++,--end-group
'Finished building target: ABC_Controller.elf'
' '
'Invoking: MicroBlaze Print Size'
mb-size ABC_Controller.elf  |tee "ABC_Controller.elf.size"
   text	   data	    bss	    dec	    hex	filename
   2712	    268	   3108	   6088	   17c8	ABC_Controller.elf
'Finished building: ABC_Controller.elf.size'
' '
21:37:07 **** Auto Build of configuration Debug for project ABC_Controller ****
make all 
'Building file: ../src/main.cc'
'Invoking: MicroBlaze g++ compiler'
mb-g++ -Wall -O0 -g3 -c -fmessage-length=0 -MT"src/main.o" -I../../ABC_Controller_bsp/microblaze_0/include -mlittle-endian -mcpu=v11.0 -mxl-soft-mul -Wl,--no-relax -ffunction-sections -fdata-sections -MMD -MP -MF"src/main.d" -MT"src/main.o" -o "src/main.o" "../src/main.cc"
../src/main.cc: In function 'int main()':
../src/main.cc:13:12: error: too few arguments to function 'int printf(const char*, ...)'
     printf()("Hello World\n\r");
            ^
In file included from c:\xilinx\sdk\2018.3\gnu\microblaze\nt\microblaze-xilinx-elf\include\stdio.h:29:0,
                 from ../src/main.cc:4:
c:\xilinx\sdk\2018.3\gnu\microblaze\nt\microblaze-xilinx-elf\include\stdio.h:181:5: note: declared here
 int _EXFUN(printf, (const char *__restrict, ...)
     ^
make: *** [src/subdir.mk:30: src/main.o] Error 1
21:37:22 **** Auto Build of configuration Debug for project ABC_Controller ****
make all 
'Building file: ../src/main.cc'
'Invoking: MicroBlaze g++ compiler'
mb-g++ -Wall -O0 -g3 -c -fmessage-length=0 -MT"src/main.o" -I../../ABC_Controller_bsp/microblaze_0/include -mlittle-endian -mcpu=v11.0 -mxl-soft-mul -Wl,--no-relax -ffunction-sections -fdata-sections -MMD -MP -MF"src/main.d" -MT"src/main.o" -o "src/main.o" "../src/main.cc"
'Finished building: ../src/main.cc'
' '
'Building target: ABC_Controller.elf'
'Invoking: MicroBlaze g++ linker'
mb-g++ -Wl,-T -Wl,../src/lscript.ld -L../../ABC_Controller_bsp/microblaze_0/lib -mlittle-endian -mcpu=v11.0 -mxl-soft-mul -Wl,--no-relax -Wl,--gc-sections -o "ABC_Controller.elf"  ./src/main.o ./src/platform.o   -Wl,--start-group,-lxil,-lgcc,-lc,-lstdc++,--end-group
'Finished building target: ABC_Controller.elf'
' '
'Invoking: MicroBlaze Print Size'
mb-size ABC_Controller.elf  |tee "ABC_Controller.elf.size"
   text	   data	    bss	    dec	    hex	filename
  92112	   1436	   3188	  96736	  179e0	ABC_Controller.elf
'Finished building: ABC_Controller.elf.size'
' '
21:37:40 **** Incremental Build of configuration Debug for project Helloworld ****
make all 
make: Nothing to be done for 'all'.
21:50:50 **** Auto Build of configuration Debug for project ABC_Controller ****
make all 
'Building file: ../src/LEDs.cpp'
'Invoking: MicroBlaze g++ compiler'
mb-g++ -Wall -O0 -g3 -c -fmessage-length=0 -MT"src/LEDs.o" -I../../ABC_Controller_bsp/microblaze_0/include -mlittle-endian -mcpu=v11.0 -mxl-soft-mul -Wl,--no-relax -ffunction-sections -fdata-sections -MMD -MP -MF"src/LEDs.d" -MT"src/LEDs.o" -o "src/LEDs.o" "../src/LEDs.cpp"
'Finished building: ../src/LEDs.cpp'
' '
'Building target: ABC_Controller.elf'
'Invoking: MicroBlaze g++ linker'
mb-g++ -Wl,-T -Wl,../src/lscript.ld -L../../ABC_Controller_bsp/microblaze_0/lib -mlittle-endian -mcpu=v11.0 -mxl-soft-mul -Wl,--no-relax -Wl,--gc-sections -o "ABC_Controller.elf"  ./src/LEDs.o ./src/main.o ./src/platform.o   -Wl,--start-group,-lxil,-lgcc,-lc,-lstdc++,--end-group
'Finished building target: ABC_Controller.elf'
' '
'Invoking: MicroBlaze Print Size'
mb-size ABC_Controller.elf  |tee "ABC_Controller.elf.size"
   text	   data	    bss	    dec	    hex	filename
  92112	   1436	   3188	  96736	  179e0	ABC_Controller.elf
'Finished building: ABC_Controller.elf.size'
' '
22:11:04 **** Auto Build of configuration Debug for project ABC_Controller ****
make all 
'Building file: ../src/LEDs.cpp'
'Invoking: MicroBlaze g++ compiler'
mb-g++ -Wall -O0 -g3 -c -fmessage-length=0 -MT"src/LEDs.o" -I../../ABC_Controller_bsp/microblaze_0/include -mlittle-endian -mcpu=v11.0 -mxl-soft-mul -Wl,--no-relax -ffunction-sections -fdata-sections -MMD -MP -MF"src/LEDs.d" -MT"src/LEDs.o" -o "src/LEDs.o" "../src/LEDs.cpp"
'Finished building: ../src/LEDs.cpp'
' '
'Building target: ABC_Controller.elf'
'Invoking: MicroBlaze g++ linker'
mb-g++ -Wl,-T -Wl,../src/lscript.ld -L../../ABC_Controller_bsp/microblaze_0/lib -mlittle-endian -mcpu=v11.0 -mxl-soft-mul -Wl,--no-relax -Wl,--gc-sections -o "ABC_Controller.elf"  ./src/LEDs.o ./src/main.o ./src/platform.o   -Wl,--start-group,-lxil,-lgcc,-lc,-lstdc++,--end-group
'Finished building target: ABC_Controller.elf'
' '
'Invoking: MicroBlaze Print Size'
mb-size ABC_Controller.elf  |tee "ABC_Controller.elf.size"
   text	   data	    bss	    dec	    hex	filename
  92112	   1436	   3188	  96736	  179e0	ABC_Controller.elf
'Finished building: ABC_Controller.elf.size'
' '
22:30:01 **** Auto Build of configuration Debug for project ABC_Controller ****
make all 
'Building file: ../src/LEDs.cpp'
'Invoking: MicroBlaze g++ compiler'
mb-g++ -Wall -O0 -g3 -c -fmessage-length=0 -MT"src/LEDs.o" -I../../ABC_Controller_bsp/microblaze_0/include -mlittle-endian -mcpu=v11.0 -mxl-soft-mul -Wl,--no-relax -ffunction-sections -fdata-sections -MMD -MP -MF"src/LEDs.d" -MT"src/LEDs.o" -o "src/LEDs.o" "../src/LEDs.cpp"
In file included from ../src/LEDs.cpp:8:0:
../src/LEDs.h:13:2: error: 'XGpio' does not name a type
  XGpio LED;
  ^~~~~
make: *** [src/subdir.mk:37: src/LEDs.o] Error 1
22:30:02 **** Auto Build of configuration Debug for project ABC_Controller ****
make all 
'Building file: ../src/LEDs.cpp'
'Invoking: MicroBlaze g++ compiler'
mb-g++ -Wall -O0 -g3 -c -fmessage-length=0 -MT"src/LEDs.o" -I../../ABC_Controller_bsp/microblaze_0/include -mlittle-endian -mcpu=v11.0 -mxl-soft-mul -Wl,--no-relax -ffunction-sections -fdata-sections -MMD -MP -MF"src/LEDs.d" -MT"src/LEDs.o" -o "src/LEDs.o" "../src/LEDs.cpp"
In file included from ../src/LEDs.cpp:8:0:
../src/LEDs.h:13:2: error: 'XGpio' does not name a type
  XGpio LED;
  ^~~~~
../src/LEDs.cpp: In constructor 'LEDs::LEDs()':
../src/LEDs.cpp:14:16: warning: unused variable 'Led_Config' [-Wunused-variable]
  XGpio_Config *Led_Config;
                ^~~~~~~~~~
make: *** [src/subdir.mk:37: src/LEDs.o] Error 1
22:30:27 **** Auto Build of configuration Debug for project ABC_Controller ****
make all 
'Building file: ../src/LEDs.cpp'
'Invoking: MicroBlaze g++ compiler'
mb-g++ -Wall -O0 -g3 -c -fmessage-length=0 -MT"src/LEDs.o" -I../../ABC_Controller_bsp/microblaze_0/include -mlittle-endian -mcpu=v11.0 -mxl-soft-mul -Wl,--no-relax -ffunction-sections -fdata-sections -MMD -MP -MF"src/LEDs.d" -MT"src/LEDs.o" -o "src/LEDs.o" "../src/LEDs.cpp"
../src/LEDs.cpp: In constructor 'LEDs::LEDs()':
../src/LEDs.cpp:14:16: warning: unused variable 'Led_Config' [-Wunused-variable]
  XGpio_Config *Led_Config;
                ^~~~~~~~~~
'Finished building: ../src/LEDs.cpp'
' '
'Building target: ABC_Controller.elf'
'Invoking: MicroBlaze g++ linker'
mb-g++ -Wl,-T -Wl,../src/lscript.ld -L../../ABC_Controller_bsp/microblaze_0/lib -mlittle-endian -mcpu=v11.0 -mxl-soft-mul -Wl,--no-relax -Wl,--gc-sections -o "ABC_Controller.elf"  ./src/LEDs.o ./src/main.o ./src/platform.o   -Wl,--start-group,-lxil,-lgcc,-lc,-lstdc++,--end-group
'Finished building target: ABC_Controller.elf'
' '
'Invoking: MicroBlaze Print Size'
mb-size ABC_Controller.elf  |tee "ABC_Controller.elf.size"
   text	   data	    bss	    dec	    hex	filename
  92112	   1436	   3188	  96736	  179e0	ABC_Controller.elf
'Finished building: ABC_Controller.elf.size'
' '
23:11:37 **** Auto Build of configuration Debug for project ABC_Controller ****
make all 
'Building file: ../src/LEDs.cpp'
'Invoking: MicroBlaze g++ compiler'
mb-g++ -Wall -O0 -g3 -c -fmessage-length=0 -MT"src/LEDs.o" -I../../ABC_Controller_bsp/microblaze_0/include -mlittle-endian -mcpu=v11.0 -mxl-soft-mul -Wl,--no-relax -ffunction-sections -fdata-sections -MMD -MP -MF"src/LEDs.d" -MT"src/LEDs.o" -o "src/LEDs.o" "../src/LEDs.cpp"
../src/LEDs.cpp: In constructor 'LEDs::LEDs()':
../src/LEDs.cpp:17:2: error: expected initializer before 'led_Config'
  led_Config = XGpio_LookupConfig(XPAR_AXI_GPIO_0_DEVICE_ID_GPIO_0_DEVICE_ID);
  ^~~~~~~~~~
../src/LEDs.cpp:18:2: error: 'status' was not declared in this scope
  status = XGpio_CfgInitialize(&LED, led_Config, led_Config->BaseAddress);
  ^~~~~~
../src/LEDs.cpp:18:2: note: suggested alternative: 'XStatus'
  status = XGpio_CfgInitialize(&LED, led_Config, led_Config->BaseAddress);
  ^~~~~~
  XStatus
../src/LEDs.cpp:20:31: error: 'LED_ADDR' was not declared in this scope
  XGpio_SetDataDirection(&LED, LED_ADDR, 0);
                               ^~~~~~~~
make: *** [src/subdir.mk:37: src/LEDs.o] Error 1
23:11:54 **** Auto Build of configuration Debug for project ABC_Controller ****
make all 
'Building file: ../src/LEDs.cpp'
'Invoking: MicroBlaze g++ compiler'
mb-g++ -Wall -O0 -g3 -c -fmessage-length=0 -MT"src/LEDs.o" -I../../ABC_Controller_bsp/microblaze_0/include -mlittle-endian -mcpu=v11.0 -mxl-soft-mul -Wl,--no-relax -ffunction-sections -fdata-sections -MMD -MP -MF"src/LEDs.d" -MT"src/LEDs.o" -o "src/LEDs.o" "../src/LEDs.cpp"
../src/LEDs.cpp: In constructor 'LEDs::LEDs()':
../src/LEDs.cpp:17:34: error: 'XPAR_AXI_GPIO_0_DEVICE_ID_GPIO_0_DEVICE_ID' was not declared in this scope
  led_Config = XGpio_LookupConfig(XPAR_AXI_GPIO_0_DEVICE_ID_GPIO_0_DEVICE_ID);
                                  ^~~~~~~~~~~~~~~~~~~~~~~~~~~~~~~~~~~~~~~~~~
../src/LEDs.cpp:17:34: note: suggested alternative: 'XPAR_AXI_GPIO_0_DEVICE_ID'
  led_Config = XGpio_LookupConfig(XPAR_AXI_GPIO_0_DEVICE_ID_GPIO_0_DEVICE_ID);
                                  ^~~~~~~~~~~~~~~~~~~~~~~~~~~~~~~~~~~~~~~~~~
                                  XPAR_AXI_GPIO_0_DEVICE_ID
../src/LEDs.cpp:20:31: error: 'LED_ADDR' was not declared in this scope
  XGpio_SetDataDirection(&LED, LED_ADDR, 0);
                               ^~~~~~~~
make: *** [src/subdir.mk:37: src/LEDs.o] Error 1
23:12:22 **** Auto Build of configuration Debug for project ABC_Controller ****
make all 
'Building file: ../src/LEDs.cpp'
'Invoking: MicroBlaze g++ compiler'
mb-g++ -Wall -O0 -g3 -c -fmessage-length=0 -MT"src/LEDs.o" -I../../ABC_Controller_bsp/microblaze_0/include -mlittle-endian -mcpu=v11.0 -mxl-soft-mul -Wl,--no-relax -ffunction-sections -fdata-sections -MMD -MP -MF"src/LEDs.d" -MT"src/LEDs.o" -o "src/LEDs.o" "../src/LEDs.cpp"
../src/LEDs.cpp: In constructor 'LEDs::LEDs()':
../src/LEDs.cpp:20:31: error: 'LED_ADDR' was not declared in this scope
  XGpio_SetDataDirection(&LED, LED_ADDR, 0);
                               ^~~~~~~~
make: *** [src/subdir.mk:37: src/LEDs.o] Error 1
23:12:32 **** Auto Build of configuration Debug for project ABC_Controller ****
make all 
'Building file: ../src/LEDs.cpp'
'Invoking: MicroBlaze g++ compiler'
mb-g++ -Wall -O0 -g3 -c -fmessage-length=0 -MT"src/LEDs.o" -I../../ABC_Controller_bsp/microblaze_0/include -mlittle-endian -mcpu=v11.0 -mxl-soft-mul -Wl,--no-relax -ffunction-sections -fdata-sections -MMD -MP -MF"src/LEDs.d" -MT"src/LEDs.o" -o "src/LEDs.o" "../src/LEDs.cpp"
../src/LEDs.cpp: In constructor 'LEDs::LEDs()':
../src/LEDs.cpp:16:6: warning: variable 'status' set but not used [-Wunused-but-set-variable]
  int status;
      ^~~~~~
'Finished building: ../src/LEDs.cpp'
' '
'Building target: ABC_Controller.elf'
'Invoking: MicroBlaze g++ linker'
mb-g++ -Wl,-T -Wl,../src/lscript.ld -L../../ABC_Controller_bsp/microblaze_0/lib -mlittle-endian -mcpu=v11.0 -mxl-soft-mul -Wl,--no-relax -Wl,--gc-sections -o "ABC_Controller.elf"  ./src/LEDs.o ./src/main.o ./src/platform.o   -Wl,--start-group,-lxil,-lgcc,-lc,-lstdc++,--end-group
'Finished building target: ABC_Controller.elf'
' '
'Invoking: MicroBlaze Print Size'
mb-size ABC_Controller.elf  |tee "ABC_Controller.elf.size"
   text	   data	    bss	    dec	    hex	filename
  92112	   1436	   3188	  96736	  179e0	ABC_Controller.elf
'Finished building: ABC_Controller.elf.size'
' '
23:14:39 **** Auto Build of configuration Debug for project ABC_Controller ****
make all 
'Building file: ../src/LEDs.cpp'
'Invoking: MicroBlaze g++ compiler'
mb-g++ -Wall -O0 -g3 -c -fmessage-length=0 -MT"src/LEDs.o" -I../../ABC_Controller_bsp/microblaze_0/include -mlittle-endian -mcpu=v11.0 -mxl-soft-mul -Wl,--no-relax -ffunction-sections -fdata-sections -MMD -MP -MF"src/LEDs.d" -MT"src/LEDs.o" -o "src/LEDs.o" "../src/LEDs.cpp"
../src/LEDs.cpp: In constructor 'LEDs::LEDs()':
../src/LEDs.cpp:16:6: warning: variable 'status' set but not used [-Wunused-but-set-variable]
  int status;
      ^~~~~~
'Finished building: ../src/LEDs.cpp'
' '
'Building target: ABC_Controller.elf'
'Invoking: MicroBlaze g++ linker'
mb-g++ -Wl,-T -Wl,../src/lscript.ld -L../../ABC_Controller_bsp/microblaze_0/lib -mlittle-endian -mcpu=v11.0 -mxl-soft-mul -Wl,--no-relax -Wl,--gc-sections -o "ABC_Controller.elf"  ./src/LEDs.o ./src/main.o ./src/platform.o   -Wl,--start-group,-lxil,-lgcc,-lc,-lstdc++,--end-group
'Finished building target: ABC_Controller.elf'
' '
'Invoking: MicroBlaze Print Size'
mb-size ABC_Controller.elf  |tee "ABC_Controller.elf.size"
   text	   data	    bss	    dec	    hex	filename
  92112	   1436	   3188	  96736	  179e0	ABC_Controller.elf
'Finished building: ABC_Controller.elf.size'
' '
23:15:17 **** Auto Build of configuration Debug for project ABC_Controller ****
make all 
'Building file: ../src/LEDs.cpp'
'Invoking: MicroBlaze g++ compiler'
mb-g++ -Wall -O0 -g3 -c -fmessage-length=0 -MT"src/LEDs.o" -I../../ABC_Controller_bsp/microblaze_0/include -mlittle-endian -mcpu=v11.0 -mxl-soft-mul -Wl,--no-relax -ffunction-sections -fdata-sections -MMD -MP -MF"src/LEDs.d" -MT"src/LEDs.o" -o "src/LEDs.o" "../src/LEDs.cpp"
../src/LEDs.cpp: In constructor 'LEDs::LEDs()':
../src/LEDs.cpp:16:6: warning: variable 'status' set but not used [-Wunused-but-set-variable]
  int status;
      ^~~~~~
../src/LEDs.cpp: At global scope:
../src/LEDs.cpp:23:24: error: ISO C++ forbids declaration of 'Lightup' with no type [-fpermissive]
 LEDs::Lightup(char Note)
                        ^
../src/LEDs.cpp:23:1: error: prototype for 'int LEDs::Lightup(char)' does not match any in class 'LEDs'
 LEDs::Lightup(char Note)
 ^~~~
In file included from ../src/LEDs.cpp:8:0:
../src/LEDs.h:18:7: error: candidate is: void LEDs::Lightup(char)
  void Lightup(char note);
       ^~~~~~~
make: *** [src/subdir.mk:37: src/LEDs.o] Error 1
23:15:20 **** Auto Build of configuration Debug for project ABC_Controller ****
make all 
'Building file: ../src/LEDs.cpp'
'Invoking: MicroBlaze g++ compiler'
mb-g++ -Wall -O0 -g3 -c -fmessage-length=0 -MT"src/LEDs.o" -I../../ABC_Controller_bsp/microblaze_0/include -mlittle-endian -mcpu=v11.0 -mxl-soft-mul -Wl,--no-relax -ffunction-sections -fdata-sections -MMD -MP -MF"src/LEDs.d" -MT"src/LEDs.o" -o "src/LEDs.o" "../src/LEDs.cpp"
../src/LEDs.cpp: In constructor 'LEDs::LEDs()':
../src/LEDs.cpp:16:6: warning: variable 'status' set but not used [-Wunused-but-set-variable]
  int status;
      ^~~~~~
../src/LEDs.cpp: At global scope:
../src/LEDs.cpp:23:24: error: ISO C++ forbids declaration of 'Lightup' with no type [-fpermissive]
 LEDs::Lightup(char Note)
                        ^
../src/LEDs.cpp:23:1: error: prototype for 'int LEDs::Lightup(char)' does not match any in class 'LEDs'
 LEDs::Lightup(char Note)
 ^~~~
In file included from ../src/LEDs.cpp:8:0:
../src/LEDs.h:18:7: error: candidate is: void LEDs::Lightup(char)
  void Lightup(char Note);
       ^~~~~~~
make: *** [src/subdir.mk:37: src/LEDs.o] Error 1
23:16:27 **** Auto Build of configuration Debug for project ABC_Controller ****
make all 
'Building file: ../src/LEDs.cpp'
'Invoking: MicroBlaze g++ compiler'
mb-g++ -Wall -O0 -g3 -c -fmessage-length=0 -MT"src/LEDs.o" -I../../ABC_Controller_bsp/microblaze_0/include -mlittle-endian -mcpu=v11.0 -mxl-soft-mul -Wl,--no-relax -ffunction-sections -fdata-sections -MMD -MP -MF"src/LEDs.d" -MT"src/LEDs.o" -o "src/LEDs.o" "../src/LEDs.cpp"
../src/LEDs.cpp: In constructor 'LEDs::LEDs()':
../src/LEDs.cpp:16:6: warning: variable 'status' set but not used [-Wunused-but-set-variable]
  int status;
      ^~~~~~
../src/LEDs.cpp: At global scope:
../src/LEDs.cpp:23:24: error: ISO C++ forbids declaration of 'Lightup' with no type [-fpermissive]
 LEDs::Lightup(char Note)
                        ^
../src/LEDs.cpp:23:1: error: prototype for 'int LEDs::Lightup(char)' does not match any in class 'LEDs'
 LEDs::Lightup(char Note)
 ^~~~
In file included from ../src/LEDs.cpp:8:0:
../src/LEDs.h:18:7: error: candidate is: void LEDs::Lightup(char)
  void Lightup(char note);
       ^~~~~~~
make: *** [src/subdir.mk:37: src/LEDs.o] Error 1
23:16:34 **** Auto Build of configuration Debug for project ABC_Controller ****
make all 
'Building file: ../src/LEDs.cpp'
'Invoking: MicroBlaze g++ compiler'
mb-g++ -Wall -O0 -g3 -c -fmessage-length=0 -MT"src/LEDs.o" -I../../ABC_Controller_bsp/microblaze_0/include -mlittle-endian -mcpu=v11.0 -mxl-soft-mul -Wl,--no-relax -ffunction-sections -fdata-sections -MMD -MP -MF"src/LEDs.d" -MT"src/LEDs.o" -o "src/LEDs.o" "../src/LEDs.cpp"
../src/LEDs.cpp: In constructor 'LEDs::LEDs()':
../src/LEDs.cpp:16:6: warning: variable 'status' set but not used [-Wunused-but-set-variable]
  int status;
      ^~~~~~
../src/LEDs.cpp: At global scope:
../src/LEDs.cpp:23:24: error: ISO C++ forbids declaration of 'Lightup' with no type [-fpermissive]
 LEDs::Lightup(char Note)
                        ^
../src/LEDs.cpp:23:1: error: prototype for 'int LEDs::Lightup(char)' does not match any in class 'LEDs'
 LEDs::Lightup(char Note)
 ^~~~
In file included from ../src/LEDs.cpp:8:0:
../src/LEDs.h:18:7: error: candidate is: void LEDs::Lightup(char)
  void Lightup(char Note);
       ^~~~~~~
make: *** [src/subdir.mk:37: src/LEDs.o] Error 1
23:18:43 **** Auto Build of configuration Debug for project ABC_Controller ****
make all 
'Building file: ../src/LEDs.cpp'
'Invoking: MicroBlaze g++ compiler'
mb-g++ -Wall -O0 -g3 -c -fmessage-length=0 -MT"src/LEDs.o" -I../../ABC_Controller_bsp/microblaze_0/include -mlittle-endian -mcpu=v11.0 -mxl-soft-mul -Wl,--no-relax -ffunction-sections -fdata-sections -MMD -MP -MF"src/LEDs.d" -MT"src/LEDs.o" -o "src/LEDs.o" "../src/LEDs.cpp"
../src/LEDs.cpp: In constructor 'LEDs::LEDs()':
../src/LEDs.cpp:16:6: warning: variable 'status' set but not used [-Wunused-but-set-variable]
  int status;
      ^~~~~~
../src/LEDs.cpp: At global scope:
../src/LEDs.cpp:23:24: error: ISO C++ forbids declaration of 'Lightup' with no type [-fpermissive]
 LEDs::Lightup(char Note)
                        ^
../src/LEDs.cpp:23:1: error: prototype for 'int LEDs::Lightup(char)' does not match any in class 'LEDs'
 LEDs::Lightup(char Note)
 ^~~~
In file included from ../src/LEDs.cpp:8:0:
../src/LEDs.h:18:7: error: candidate is: void LEDs::Lightup(char)
  void Lightup(char);
       ^~~~~~~
make: *** [src/subdir.mk:37: src/LEDs.o] Error 1
23:19:08 **** Auto Build of configuration Debug for project ABC_Controller ****
make all 
'Building file: ../src/LEDs.cpp'
'Invoking: MicroBlaze g++ compiler'
mb-g++ -Wall -O0 -g3 -c -fmessage-length=0 -MT"src/LEDs.o" -I../../ABC_Controller_bsp/microblaze_0/include -mlittle-endian -mcpu=v11.0 -mxl-soft-mul -Wl,--no-relax -ffunction-sections -fdata-sections -MMD -MP -MF"src/LEDs.d" -MT"src/LEDs.o" -o "src/LEDs.o" "../src/LEDs.cpp"
../src/LEDs.cpp: In constructor 'LEDs::LEDs()':
../src/LEDs.cpp:16:6: warning: variable 'status' set but not used [-Wunused-but-set-variable]
  int status;
      ^~~~~~
../src/LEDs.cpp: At global scope:
../src/LEDs.cpp:23:24: error: ISO C++ forbids declaration of 'Lightup' with no type [-fpermissive]
 LEDs::Lightup(char Note)
                        ^
../src/LEDs.cpp:23:1: error: prototype for 'int LEDs::Lightup(char)' does not match any in class 'LEDs'
 LEDs::Lightup(char Note)
 ^~~~
In file included from ../src/LEDs.cpp:8:0:
../src/LEDs.h:18:7: error: candidate is: void LEDs::Lightup(char)
  void Lightup (char);
       ^~~~~~~
make: *** [src/subdir.mk:37: src/LEDs.o] Error 1
23:19:41 **** Auto Build of configuration Debug for project ABC_Controller ****
make all 
'Building file: ../src/LEDs.cpp'
'Invoking: MicroBlaze g++ compiler'
mb-g++ -Wall -O0 -g3 -c -fmessage-length=0 -MT"src/LEDs.o" -I../../ABC_Controller_bsp/microblaze_0/include -mlittle-endian -mcpu=v11.0 -mxl-soft-mul -Wl,--no-relax -ffunction-sections -fdata-sections -MMD -MP -MF"src/LEDs.d" -MT"src/LEDs.o" -o "src/LEDs.o" "../src/LEDs.cpp"
../src/LEDs.cpp: In constructor 'LEDs::LEDs()':
../src/LEDs.cpp:16:6: warning: variable 'status' set but not used [-Wunused-but-set-variable]
  int status;
      ^~~~~~
../src/LEDs.cpp: At global scope:
../src/LEDs.cpp:23:24: error: ISO C++ forbids declaration of 'Lightup' with no type [-fpermissive]
 LEDs::Lightup(char Note)
                        ^
../src/LEDs.cpp:23:1: error: prototype for 'int LEDs::Lightup(char)' does not match any in class 'LEDs'
 LEDs::Lightup(char Note)
 ^~~~
In file included from ../src/LEDs.cpp:8:0:
../src/LEDs.h:18:7: error: candidate is: void LEDs::Lightup(int)
  void Lightup (int);
       ^~~~~~~
make: *** [src/subdir.mk:37: src/LEDs.o] Error 1
23:20:38 **** Auto Build of configuration Debug for project ABC_Controller ****
make all 
'Building file: ../src/LEDs.cpp'
'Invoking: MicroBlaze g++ compiler'
mb-g++ -Wall -O0 -g3 -c -fmessage-length=0 -MT"src/LEDs.o" -I../../ABC_Controller_bsp/microblaze_0/include -mlittle-endian -mcpu=v11.0 -mxl-soft-mul -Wl,--no-relax -ffunction-sections -fdata-sections -MMD -MP -MF"src/LEDs.d" -MT"src/LEDs.o" -o "src/LEDs.o" "../src/LEDs.cpp"
../src/LEDs.cpp: In constructor 'LEDs::LEDs()':
../src/LEDs.cpp:16:6: warning: variable 'status' set but not used [-Wunused-but-set-variable]
  int status;
      ^~~~~~
../src/LEDs.cpp: At global scope:
../src/LEDs.cpp:23:6: error: prototype for 'void LEDs::Lightup(char)' does not match any in class 'LEDs'
 void LEDs::Lightup(char Note)
      ^~~~
In file included from ../src/LEDs.cpp:8:0:
../src/LEDs.h:18:7: error: candidate is: void LEDs::Lightup(int)
  void Lightup (int);
       ^~~~~~~
make: *** [src/subdir.mk:37: src/LEDs.o] Error 1
23:20:46 **** Auto Build of configuration Debug for project ABC_Controller ****
make all 
'Building file: ../src/LEDs.cpp'
'Invoking: MicroBlaze g++ compiler'
mb-g++ -Wall -O0 -g3 -c -fmessage-length=0 -MT"src/LEDs.o" -I../../ABC_Controller_bsp/microblaze_0/include -mlittle-endian -mcpu=v11.0 -mxl-soft-mul -Wl,--no-relax -ffunction-sections -fdata-sections -MMD -MP -MF"src/LEDs.d" -MT"src/LEDs.o" -o "src/LEDs.o" "../src/LEDs.cpp"
../src/LEDs.cpp: In constructor 'LEDs::LEDs()':
../src/LEDs.cpp:16:6: warning: variable 'status' set but not used [-Wunused-but-set-variable]
  int status;
      ^~~~~~
../src/LEDs.cpp: At global scope:
../src/LEDs.cpp:23:5: error: prototype for 'int LEDs::Lightup(char)' does not match any in class 'LEDs'
 int LEDs::Lightup(char Note)
     ^~~~
In file included from ../src/LEDs.cpp:8:0:
../src/LEDs.h:18:7: error: candidate is: void LEDs::Lightup(int)
  void Lightup (int);
       ^~~~~~~
make: *** [src/subdir.mk:37: src/LEDs.o] Error 1
23:20:51 **** Auto Build of configuration Debug for project ABC_Controller ****
make all 
'Building file: ../src/LEDs.cpp'
'Invoking: MicroBlaze g++ compiler'
mb-g++ -Wall -O0 -g3 -c -fmessage-length=0 -MT"src/LEDs.o" -I../../ABC_Controller_bsp/microblaze_0/include -mlittle-endian -mcpu=v11.0 -mxl-soft-mul -Wl,--no-relax -ffunction-sections -fdata-sections -MMD -MP -MF"src/LEDs.d" -MT"src/LEDs.o" -o "src/LEDs.o" "../src/LEDs.cpp"
../src/LEDs.cpp: In constructor 'LEDs::LEDs()':
../src/LEDs.cpp:16:6: warning: variable 'status' set but not used [-Wunused-but-set-variable]
  int status;
      ^~~~~~
../src/LEDs.cpp: At global scope:
../src/LEDs.cpp:23:5: error: prototype for 'int LEDs::Lightup(char)' does not match any in class 'LEDs'
 int LEDs::Lightup(char Note)
     ^~~~
In file included from ../src/LEDs.cpp:8:0:
../src/LEDs.h:18:6: error: candidate is: int LEDs::Lightup(int)
  int Lightup (int);
      ^~~~~~~
make: *** [src/subdir.mk:37: src/LEDs.o] Error 1
23:21:12 **** Auto Build of configuration Debug for project ABC_Controller ****
make all 
'Building file: ../src/LEDs.cpp'
'Invoking: MicroBlaze g++ compiler'
mb-g++ -Wall -O0 -g3 -c -fmessage-length=0 -MT"src/LEDs.o" -I../../ABC_Controller_bsp/microblaze_0/include -mlittle-endian -mcpu=v11.0 -mxl-soft-mul -Wl,--no-relax -ffunction-sections -fdata-sections -MMD -MP -MF"src/LEDs.d" -MT"src/LEDs.o" -o "src/LEDs.o" "../src/LEDs.cpp"
In file included from ../src/LEDs.cpp:8:0:
../src/LEDs.h:18:14: error: ISO C++ forbids declaration of 'Lightup' with no type [-fpermissive]
  Lightup (int);
              ^
../src/LEDs.cpp:23:5: error: prototype for 'int LEDs::Lightup(char)' does not match any in class 'LEDs'
 int LEDs::Lightup(char Note)
     ^~~~
In file included from ../src/LEDs.cpp:8:0:
../src/LEDs.h:18:2: error: candidate is: int LEDs::Lightup(int)
  Lightup (int);
  ^~~~~~~
make: *** [src/subdir.mk:37: src/LEDs.o] Error 1
23:21:18 **** Auto Build of configuration Debug for project ABC_Controller ****
make all 
'Building file: ../src/LEDs.cpp'
'Invoking: MicroBlaze g++ compiler'
mb-g++ -Wall -O0 -g3 -c -fmessage-length=0 -MT"src/LEDs.o" -I../../ABC_Controller_bsp/microblaze_0/include -mlittle-endian -mcpu=v11.0 -mxl-soft-mul -Wl,--no-relax -ffunction-sections -fdata-sections -MMD -MP -MF"src/LEDs.d" -MT"src/LEDs.o" -o "src/LEDs.o" "../src/LEDs.cpp"
../src/LEDs.cpp: In constructor 'LEDs::LEDs()':
../src/LEDs.cpp:16:6: warning: variable 'status' set but not used [-Wunused-but-set-variable]
  int status;
      ^~~~~~
../src/LEDs.cpp: At global scope:
../src/LEDs.cpp:23:5: error: prototype for 'int LEDs::Lightup(char)' does not match any in class 'LEDs'
 int LEDs::Lightup(char Note)
     ^~~~
In file included from ../src/LEDs.cpp:8:0:
../src/LEDs.h:18:6: error: candidate is: int LEDs::Lightup(int)
  int Lightup (int);
      ^~~~~~~
make: *** [src/subdir.mk:37: src/LEDs.o] Error 1
23:24:55 **** Auto Build of configuration Debug for project ABC_Controller ****
make all 
'Building file: ../src/LEDs.cpp'
'Invoking: MicroBlaze g++ compiler'
mb-g++ -Wall -O0 -g3 -c -fmessage-length=0 -MT"src/LEDs.o" -I../../ABC_Controller_bsp/microblaze_0/include -mlittle-endian -mcpu=v11.0 -mxl-soft-mul -Wl,--no-relax -ffunction-sections -fdata-sections -MMD -MP -MF"src/LEDs.d" -MT"src/LEDs.o" -o "src/LEDs.o" "../src/LEDs.cpp"
../src/LEDs.cpp: In constructor 'LEDs::LEDs()':
../src/LEDs.cpp:16:6: warning: variable 'status' set but not used [-Wunused-but-set-variable]
  int status;
      ^~~~~~
../src/LEDs.cpp: At global scope:
../src/LEDs.cpp:23:5: error: prototype for 'int LEDs::Lightup(char)' does not match any in class 'LEDs'
 int LEDs::Lightup(char Note)
     ^~~~
In file included from ../src/LEDs.cpp:8:0:
../src/LEDs.h:18:7: error: candidate is: void LEDs::Lightup(char)
  void Lightup(char note);
       ^~~~~~~
make: *** [src/subdir.mk:37: src/LEDs.o] Error 1
23:26:02 **** Auto Build of configuration Debug for project ABC_Controller ****
make all 
'Building file: ../src/LEDs.cpp'
'Invoking: MicroBlaze g++ compiler'
mb-g++ -Wall -O0 -g3 -c -fmessage-length=0 -MT"src/LEDs.o" -I../../ABC_Controller_bsp/microblaze_0/include -mlittle-endian -mcpu=v11.0 -mxl-soft-mul -Wl,--no-relax -ffunction-sections -fdata-sections -MMD -MP -MF"src/LEDs.d" -MT"src/LEDs.o" -o "src/LEDs.o" "../src/LEDs.cpp"
../src/LEDs.cpp: In constructor 'LEDs::LEDs()':
../src/LEDs.cpp:16:6: warning: variable 'status' set but not used [-Wunused-but-set-variable]
  int status;
      ^~~~~~
../src/LEDs.cpp: At global scope:
../src/LEDs.cpp:23:28: error: no 'int LEDs::Lightup(char)' member function declared in class 'LEDs'
 int LEDs::Lightup(char Note)
                            ^
make: *** [src/subdir.mk:37: src/LEDs.o] Error 1
23:26:18 **** Auto Build of configuration Debug for project ABC_Controller ****
make all 
'Building file: ../src/LEDs.cpp'
'Invoking: MicroBlaze g++ compiler'
mb-g++ -Wall -O0 -g3 -c -fmessage-length=0 -MT"src/LEDs.o" -I../../ABC_Controller_bsp/microblaze_0/include -mlittle-endian -mcpu=v11.0 -mxl-soft-mul -Wl,--no-relax -ffunction-sections -fdata-sections -MMD -MP -MF"src/LEDs.d" -MT"src/LEDs.o" -o "src/LEDs.o" "../src/LEDs.cpp"
../src/LEDs.cpp: In constructor 'LEDs::LEDs()':
../src/LEDs.cpp:16:6: warning: variable 'status' set but not used [-Wunused-but-set-variable]
  int status;
      ^~~~~~
../src/LEDs.cpp: At global scope:
../src/LEDs.cpp:23:28: error: no 'int LEDs::Lightup(char)' member function declared in class 'LEDs'
 int LEDs::Lightup(char Note)
                            ^
make: *** [src/subdir.mk:37: src/LEDs.o] Error 1
23:26:27 **** Auto Build of configuration Debug for project ABC_Controller ****
make all 
'Building file: ../src/LEDs.cpp'
'Invoking: MicroBlaze g++ compiler'
mb-g++ -Wall -O0 -g3 -c -fmessage-length=0 -MT"src/LEDs.o" -I../../ABC_Controller_bsp/microblaze_0/include -mlittle-endian -mcpu=v11.0 -mxl-soft-mul -Wl,--no-relax -ffunction-sections -fdata-sections -MMD -MP -MF"src/LEDs.d" -MT"src/LEDs.o" -o "src/LEDs.o" "../src/LEDs.cpp"
../src/LEDs.cpp: In constructor 'LEDs::LEDs()':
../src/LEDs.cpp:16:6: warning: variable 'status' set but not used [-Wunused-but-set-variable]
  int status;
      ^~~~~~
../src/LEDs.cpp: At global scope:
../src/LEDs.cpp:23:28: error: no 'int LEDs::Lightup(char)' member function declared in class 'LEDs'
 int LEDs::Lightup(char Note)
                            ^
make: *** [src/subdir.mk:37: src/LEDs.o] Error 1
23:26:36 **** Auto Build of configuration Debug for project ABC_Controller ****
make all 
'Building file: ../src/LEDs.cpp'
'Invoking: MicroBlaze g++ compiler'
mb-g++ -Wall -O0 -g3 -c -fmessage-length=0 -MT"src/LEDs.o" -I../../ABC_Controller_bsp/microblaze_0/include -mlittle-endian -mcpu=v11.0 -mxl-soft-mul -Wl,--no-relax -ffunction-sections -fdata-sections -MMD -MP -MF"src/LEDs.d" -MT"src/LEDs.o" -o "src/LEDs.o" "../src/LEDs.cpp"
../src/LEDs.cpp: In constructor 'LEDs::LEDs()':
../src/LEDs.cpp:16:6: warning: variable 'status' set but not used [-Wunused-but-set-variable]
  int status;
      ^~~~~~
../src/LEDs.cpp: At global scope:
../src/LEDs.cpp:23:28: error: no 'int LEDs::Lightup(char)' member function declared in class 'LEDs'
 int LEDs::Lightup(char Note)
                            ^
make: *** [src/subdir.mk:37: src/LEDs.o] Error 1
23:26:46 **** Auto Build of configuration Debug for project ABC_Controller ****
make all 
'Building file: ../src/LEDs.cpp'
'Invoking: MicroBlaze g++ compiler'
mb-g++ -Wall -O0 -g3 -c -fmessage-length=0 -MT"src/LEDs.o" -I../../ABC_Controller_bsp/microblaze_0/include -mlittle-endian -mcpu=v11.0 -mxl-soft-mul -Wl,--no-relax -ffunction-sections -fdata-sections -MMD -MP -MF"src/LEDs.d" -MT"src/LEDs.o" -o "src/LEDs.o" "../src/LEDs.cpp"
../src/LEDs.cpp: In constructor 'LEDs::LEDs()':
../src/LEDs.cpp:16:6: warning: variable 'status' set but not used [-Wunused-but-set-variable]
  int status;
      ^~~~~~
../src/LEDs.cpp: At global scope:
../src/LEDs.cpp:23:29: error: no 'void LEDs::Lightup(char)' member function declared in class 'LEDs'
 void LEDs::Lightup(char Note)
                             ^
make: *** [src/subdir.mk:37: src/LEDs.o] Error 1
23:27:16 **** Auto Build of configuration Debug for project ABC_Controller ****
make all 
'Building file: ../src/LEDs.cpp'
'Invoking: MicroBlaze g++ compiler'
mb-g++ -Wall -O0 -g3 -c -fmessage-length=0 -MT"src/LEDs.o" -I../../ABC_Controller_bsp/microblaze_0/include -mlittle-endian -mcpu=v11.0 -mxl-soft-mul -Wl,--no-relax -ffunction-sections -fdata-sections -MMD -MP -MF"src/LEDs.d" -MT"src/LEDs.o" -o "src/LEDs.o" "../src/LEDs.cpp"
../src/LEDs.cpp: In constructor 'LEDs::LEDs()':
../src/LEDs.cpp:16:6: warning: variable 'status' set but not used [-Wunused-but-set-variable]
  int status;
      ^~~~~~
'Finished building: ../src/LEDs.cpp'
' '
'Building target: ABC_Controller.elf'
'Invoking: MicroBlaze g++ linker'
mb-g++ -Wl,-T -Wl,../src/lscript.ld -L../../ABC_Controller_bsp/microblaze_0/lib -mlittle-endian -mcpu=v11.0 -mxl-soft-mul -Wl,--no-relax -Wl,--gc-sections -o "ABC_Controller.elf"  ./src/LEDs.o ./src/main.o ./src/platform.o   -Wl,--start-group,-lxil,-lgcc,-lc,-lstdc++,--end-group
'Finished building target: ABC_Controller.elf'
' '
'Invoking: MicroBlaze Print Size'
mb-size ABC_Controller.elf  |tee "ABC_Controller.elf.size"
   text	   data	    bss	    dec	    hex	filename
  92112	   1436	   3188	  96736	  179e0	ABC_Controller.elf
'Finished building: ABC_Controller.elf.size'
' '
23:28:17 **** Auto Build of configuration Debug for project ABC_Controller ****
make all 
'Building file: ../src/LEDs.cpp'
'Invoking: MicroBlaze g++ compiler'
mb-g++ -Wall -O0 -g3 -c -fmessage-length=0 -MT"src/LEDs.o" -I../../ABC_Controller_bsp/microblaze_0/include -mlittle-endian -mcpu=v11.0 -mxl-soft-mul -Wl,--no-relax -ffunction-sections -fdata-sections -MMD -MP -MF"src/LEDs.d" -MT"src/LEDs.o" -o "src/LEDs.o" "../src/LEDs.cpp"
../src/LEDs.cpp: In constructor 'LEDs::LEDs()':
../src/LEDs.cpp:16:6: warning: variable 'status' set but not used [-Wunused-but-set-variable]
  int status;
      ^~~~~~
../src/LEDs.cpp: In member function 'void LEDs::LightUp(char)':
../src/LEDs.cpp:25:41: error: 'led' was not declared in this scope
  XGpio_DiscreteWrite(&LED, LED_CHANNEL, led);
                                         ^~~
make: *** [src/subdir.mk:37: src/LEDs.o] Error 1
23:28:23 **** Auto Build of configuration Debug for project ABC_Controller ****
make all 
'Building file: ../src/LEDs.cpp'
'Invoking: MicroBlaze g++ compiler'
mb-g++ -Wall -O0 -g3 -c -fmessage-length=0 -MT"src/LEDs.o" -I../../ABC_Controller_bsp/microblaze_0/include -mlittle-endian -mcpu=v11.0 -mxl-soft-mul -Wl,--no-relax -ffunction-sections -fdata-sections -MMD -MP -MF"src/LEDs.d" -MT"src/LEDs.o" -o "src/LEDs.o" "../src/LEDs.cpp"
../src/LEDs.cpp: In constructor 'LEDs::LEDs()':
../src/LEDs.cpp:16:6: warning: variable 'status' set but not used [-Wunused-but-set-variable]
  int status;
      ^~~~~~
'Finished building: ../src/LEDs.cpp'
' '
'Building target: ABC_Controller.elf'
'Invoking: MicroBlaze g++ linker'
mb-g++ -Wl,-T -Wl,../src/lscript.ld -L../../ABC_Controller_bsp/microblaze_0/lib -mlittle-endian -mcpu=v11.0 -mxl-soft-mul -Wl,--no-relax -Wl,--gc-sections -o "ABC_Controller.elf"  ./src/LEDs.o ./src/main.o ./src/platform.o   -Wl,--start-group,-lxil,-lgcc,-lc,-lstdc++,--end-group
'Finished building target: ABC_Controller.elf'
' '
'Invoking: MicroBlaze Print Size'
mb-size ABC_Controller.elf  |tee "ABC_Controller.elf.size"
   text	   data	    bss	    dec	    hex	filename
  92112	   1436	   3188	  96736	  179e0	ABC_Controller.elf
'Finished building: ABC_Controller.elf.size'
' '
23:30:09 **** Auto Build of configuration Debug for project ABC_Controller ****
make all 
'Building file: ../src/LEDs.cpp'
'Invoking: MicroBlaze g++ compiler'
mb-g++ -Wall -O0 -g3 -c -fmessage-length=0 -MT"src/LEDs.o" -I../../ABC_Controller_bsp/microblaze_0/include -mlittle-endian -mcpu=v11.0 -mxl-soft-mul -Wl,--no-relax -ffunction-sections -fdata-sections -MMD -MP -MF"src/LEDs.d" -MT"src/LEDs.o" -o "src/LEDs.o" "../src/LEDs.cpp"
../src/LEDs.cpp: In constructor 'LEDs::LEDs()':
../src/LEDs.cpp:16:6: warning: variable 'status' set but not used [-Wunused-but-set-variable]
  int status;
      ^~~~~~
'Finished building: ../src/LEDs.cpp'
' '
'Building target: ABC_Controller.elf'
'Invoking: MicroBlaze g++ linker'
mb-g++ -Wl,-T -Wl,../src/lscript.ld -L../../ABC_Controller_bsp/microblaze_0/lib -mlittle-endian -mcpu=v11.0 -mxl-soft-mul -Wl,--no-relax -Wl,--gc-sections -o "ABC_Controller.elf"  ./src/LEDs.o ./src/main.o ./src/platform.o   -Wl,--start-group,-lxil,-lgcc,-lc,-lstdc++,--end-group
'Finished building target: ABC_Controller.elf'
' '
'Invoking: MicroBlaze Print Size'
mb-size ABC_Controller.elf  |tee "ABC_Controller.elf.size"
   text	   data	    bss	    dec	    hex	filename
  92112	   1436	   3188	  96736	  179e0	ABC_Controller.elf
'Finished building: ABC_Controller.elf.size'
' '
23:33:21 **** Auto Build of configuration Debug for project ABC_Controller ****
make all 
'Building file: ../src/LEDs.cpp'
'Invoking: MicroBlaze g++ compiler'
mb-g++ -Wall -O0 -g3 -c -fmessage-length=0 -MT"src/LEDs.o" -I../../ABC_Controller_bsp/microblaze_0/include -mlittle-endian -mcpu=v11.0 -mxl-soft-mul -Wl,--no-relax -ffunction-sections -fdata-sections -MMD -MP -MF"src/LEDs.d" -MT"src/LEDs.o" -o "src/LEDs.o" "../src/LEDs.cpp"
../src/LEDs.cpp: In constructor 'LEDs::LEDs()':
../src/LEDs.cpp:16:6: warning: variable 'status' set but not used [-Wunused-but-set-variable]
  int status;
      ^~~~~~
'Finished building: ../src/LEDs.cpp'
' '
'Building target: ABC_Controller.elf'
'Invoking: MicroBlaze g++ linker'
mb-g++ -Wl,-T -Wl,../src/lscript.ld -L../../ABC_Controller_bsp/microblaze_0/lib -mlittle-endian -mcpu=v11.0 -mxl-soft-mul -Wl,--no-relax -Wl,--gc-sections -o "ABC_Controller.elf"  ./src/LEDs.o ./src/main.o ./src/platform.o   -Wl,--start-group,-lxil,-lgcc,-lc,-lstdc++,--end-group
'Finished building target: ABC_Controller.elf'
' '
'Invoking: MicroBlaze Print Size'
mb-size ABC_Controller.elf  |tee "ABC_Controller.elf.size"
   text	   data	    bss	    dec	    hex	filename
  92112	   1436	   3188	  96736	  179e0	ABC_Controller.elf
'Finished building: ABC_Controller.elf.size'
' '
23:36:47 **** Auto Build of configuration Debug for project ABC_Controller ****
make all 
'Building file: ../src/LEDs.cpp'
'Invoking: MicroBlaze g++ compiler'
mb-g++ -Wall -O0 -g3 -c -fmessage-length=0 -MT"src/LEDs.o" -I../../ABC_Controller_bsp/microblaze_0/include -mlittle-endian -mcpu=v11.0 -mxl-soft-mul -Wl,--no-relax -ffunction-sections -fdata-sections -MMD -MP -MF"src/LEDs.d" -MT"src/LEDs.o" -o "src/LEDs.o" "../src/LEDs.cpp"
../src/LEDs.cpp: In constructor 'LEDs::LEDs()':
../src/LEDs.cpp:16:6: warning: variable 'status' set but not used [-Wunused-but-set-variable]
  int status;
      ^~~~~~
'Finished building: ../src/LEDs.cpp'
' '
'Building target: ABC_Controller.elf'
'Invoking: MicroBlaze g++ linker'
mb-g++ -Wl,-T -Wl,../src/lscript.ld -L../../ABC_Controller_bsp/microblaze_0/lib -mlittle-endian -mcpu=v11.0 -mxl-soft-mul -Wl,--no-relax -Wl,--gc-sections -o "ABC_Controller.elf"  ./src/LEDs.o ./src/main.o ./src/platform.o   -Wl,--start-group,-lxil,-lgcc,-lc,-lstdc++,--end-group
'Finished building target: ABC_Controller.elf'
' '
'Invoking: MicroBlaze Print Size'
mb-size ABC_Controller.elf  |tee "ABC_Controller.elf.size"
   text	   data	    bss	    dec	    hex	filename
  92112	   1436	   3188	  96736	  179e0	ABC_Controller.elf
'Finished building: ABC_Controller.elf.size'
' '
23:37:32 **** Auto Build of configuration Debug for project Helloworld ****
make all 
'Building file: ../src/helloworld.c'
'Invoking: MicroBlaze gcc compiler'
mb-gcc -Wall -O0 -g3 -c -fmessage-length=0 -MT"src/helloworld.o" -I../../Helloworld_bsp/microblaze_0/include -mlittle-endian -mcpu=v11.0 -mxl-soft-mul -Wl,--no-relax -ffunction-sections -fdata-sections -MMD -MP -MF"src/helloworld.d" -MT"src/helloworld.o" -o "src/helloworld.o" "../src/helloworld.c"
'Finished building: ../src/helloworld.c'
' '
'Building target: Helloworld.elf'
'Invoking: MicroBlaze gcc linker'
mb-gcc -Wl,-T -Wl,../src/lscript.ld -L../../Helloworld_bsp/microblaze_0/lib -mlittle-endian -mcpu=v11.0 -mxl-soft-mul -Wl,--no-relax -Wl,--gc-sections -o "Helloworld.elf"  ./src/helloworld.o ./src/platform.o   -Wl,--start-group,-lxil,-lgcc,-lc,--end-group
'Finished building target: Helloworld.elf'
' '
'Invoking: MicroBlaze Print Size'
mb-size Helloworld.elf  |tee "Helloworld.elf.size"
   text	   data	    bss	    dec	    hex	filename
   2712	    268	   3108	   6088	   17c8	Helloworld.elf
'Finished building: Helloworld.elf.size'
' '
23:38:09 **** Auto Build of configuration Debug for project Helloworld ****
make all 
'Building file: ../src/helloworld.c'
'Invoking: MicroBlaze gcc compiler'
mb-gcc -Wall -O0 -g3 -c -fmessage-length=0 -MT"src/helloworld.o" -I../../Helloworld_bsp/microblaze_0/include -mlittle-endian -mcpu=v11.0 -mxl-soft-mul -Wl,--no-relax -ffunction-sections -fdata-sections -MMD -MP -MF"src/helloworld.d" -MT"src/helloworld.o" -o "src/helloworld.o" "../src/helloworld.c"
../src/helloworld.c:51:10: fatal error: LEDs.h: No such file or directory
 #include "LEDs.h"
          ^~~~~~~~
compilation terminated.
make: *** [src/subdir.mk:26: src/helloworld.o] Error 1
23:39:19 **** Auto Build of configuration Debug for project ABC_Controller ****
make all 
'Building file: ../src/LEDs.cpp'
'Invoking: MicroBlaze g++ compiler'
mb-g++ -Wall -O0 -g3 -c -fmessage-length=0 -MT"src/LEDs.o" -I../../ABC_Controller_bsp/microblaze_0/include -mlittle-endian -mcpu=v11.0 -mxl-soft-mul -Wl,--no-relax -ffunction-sections -fdata-sections -MMD -MP -MF"src/LEDs.d" -MT"src/LEDs.o" -o "src/LEDs.o" "../src/LEDs.cpp"
'Finished building: ../src/LEDs.cpp'
' '
'Building target: ABC_Controller.elf'
'Invoking: MicroBlaze g++ linker'
mb-g++ -Wl,-T -Wl,../src/lscript.ld -L../../ABC_Controller_bsp/microblaze_0/lib -mlittle-endian -mcpu=v11.0 -mxl-soft-mul -Wl,--no-relax -Wl,--gc-sections -o "ABC_Controller.elf"  ./src/LEDs.o ./src/main.o ./src/platform.o   -Wl,--start-group,-lxil,-lgcc,-lc,-lstdc++,--end-group
'Finished building target: ABC_Controller.elf'
' '
'Invoking: MicroBlaze Print Size'
mb-size ABC_Controller.elf  |tee "ABC_Controller.elf.size"
   text	   data	    bss	    dec	    hex	filename
  92112	   1436	   3188	  96736	  179e0	ABC_Controller.elf
'Finished building: ABC_Controller.elf.size'
' '
23:40:18 **** Auto Build of configuration Debug for project ABC_Controller ****
make all 
'Building file: ../src/LEDs.cpp'
'Invoking: MicroBlaze g++ compiler'
mb-g++ -Wall -O0 -g3 -c -fmessage-length=0 -MT"src/LEDs.o" -I../../ABC_Controller_bsp/microblaze_0/include -mlittle-endian -mcpu=v11.0 -mxl-soft-mul -Wl,--no-relax -ffunction-sections -fdata-sections -MMD -MP -MF"src/LEDs.d" -MT"src/LEDs.o" -o "src/LEDs.o" "../src/LEDs.cpp"
'Finished building: ../src/LEDs.cpp'
' '
'Building target: ABC_Controller.elf'
'Invoking: MicroBlaze g++ linker'
mb-g++ -Wl,-T -Wl,../src/lscript.ld -L../../ABC_Controller_bsp/microblaze_0/lib -mlittle-endian -mcpu=v11.0 -mxl-soft-mul -Wl,--no-relax -Wl,--gc-sections -o "ABC_Controller.elf"  ./src/LEDs.o ./src/main.o ./src/platform.o   -Wl,--start-group,-lxil,-lgcc,-lc,-lstdc++,--end-group
'Finished building target: ABC_Controller.elf'
' '
'Invoking: MicroBlaze Print Size'
mb-size ABC_Controller.elf  |tee "ABC_Controller.elf.size"
   text	   data	    bss	    dec	    hex	filename
  92112	   1436	   3188	  96736	  179e0	ABC_Controller.elf
'Finished building: ABC_Controller.elf.size'
' '
23:40:21 **** Auto Build of configuration Debug for project ABC_Controller ****
make all 
'Building file: ../src/LEDs.cpp'
'Invoking: MicroBlaze g++ compiler'
mb-g++ -Wall -O0 -g3 -c -fmessage-length=0 -MT"src/LEDs.o" -I../../ABC_Controller_bsp/microblaze_0/include -mlittle-endian -mcpu=v11.0 -mxl-soft-mul -Wl,--no-relax -ffunction-sections -fdata-sections -MMD -MP -MF"src/LEDs.d" -MT"src/LEDs.o" -o "src/LEDs.o" "../src/LEDs.cpp"
'Finished building: ../src/LEDs.cpp'
' '
'Building target: ABC_Controller.elf'
'Invoking: MicroBlaze g++ linker'
mb-g++ -Wl,-T -Wl,../src/lscript.ld -L../../ABC_Controller_bsp/microblaze_0/lib -mlittle-endian -mcpu=v11.0 -mxl-soft-mul -Wl,--no-relax -Wl,--gc-sections -o "ABC_Controller.elf"  ./src/LEDs.o ./src/main.o ./src/platform.o   -Wl,--start-group,-lxil,-lgcc,-lc,-lstdc++,--end-group
'Finished building target: ABC_Controller.elf'
' '
'Invoking: MicroBlaze Print Size'
mb-size ABC_Controller.elf  |tee "ABC_Controller.elf.size"
   text	   data	    bss	    dec	    hex	filename
  92112	   1436	   3188	  96736	  179e0	ABC_Controller.elf
'Finished building: ABC_Controller.elf.size'
' '
23:40:35 **** Incremental Build of configuration Debug for project Helloworld ****
make all 
'Building file: ../src/helloworld.c'
'Invoking: MicroBlaze gcc compiler'
mb-gcc -Wall -O0 -g3 -c -fmessage-length=0 -MT"src/helloworld.o" -I../../Helloworld_bsp/microblaze_0/include -mlittle-endian -mcpu=v11.0 -mxl-soft-mul -Wl,--no-relax -ffunction-sections -fdata-sections -MMD -MP -MF"src/helloworld.d" -MT"src/helloworld.o" -o "src/helloworld.o" "../src/helloworld.c"
../src/helloworld.c:51:10: fatal error: LEDs.h: No such file or directory
 #include "LEDs.h"
          ^~~~~~~~
compilation terminated.
make: *** [src/subdir.mk:26: src/helloworld.o] Error 1
23:41:04 **** Auto Build of configuration Debug for project Helloworld ****
make all 
'Building file: ../src/helloworld.c'
'Invoking: MicroBlaze gcc compiler'
mb-gcc -Wall -O0 -g3 -c -fmessage-length=0 -MT"src/helloworld.o" -I../../Helloworld_bsp/microblaze_0/include -mlittle-endian -mcpu=v11.0 -mxl-soft-mul -Wl,--no-relax -ffunction-sections -fdata-sections -MMD -MP -MF"src/helloworld.d" -MT"src/helloworld.o" -o "src/helloworld.o" "../src/helloworld.c"
'Finished building: ../src/helloworld.c'
' '
'Building target: Helloworld.elf'
'Invoking: MicroBlaze gcc linker'
mb-gcc -Wl,-T -Wl,../src/lscript.ld -L../../Helloworld_bsp/microblaze_0/lib -mlittle-endian -mcpu=v11.0 -mxl-soft-mul -Wl,--no-relax -Wl,--gc-sections -o "Helloworld.elf"  ./src/helloworld.o ./src/platform.o   -Wl,--start-group,-lxil,-lgcc,-lc,--end-group
'Finished building target: Helloworld.elf'
' '
'Invoking: MicroBlaze Print Size'
mb-size Helloworld.elf  |tee "Helloworld.elf.size"
   text	   data	    bss	    dec	    hex	filename
   2712	    268	   3108	   6088	   17c8	Helloworld.elf
'Finished building: Helloworld.elf.size'
' '
23:41:18 **** Auto Build of configuration Debug for project Helloworld ****
make all 
'Building file: ../src/helloworld.c'
'Invoking: MicroBlaze gcc compiler'
mb-gcc -Wall -O0 -g3 -c -fmessage-length=0 -MT"src/helloworld.o" -I../../Helloworld_bsp/microblaze_0/include -mlittle-endian -mcpu=v11.0 -mxl-soft-mul -Wl,--no-relax -ffunction-sections -fdata-sections -MMD -MP -MF"src/helloworld.d" -MT"src/helloworld.o" -o "src/helloworld.o" "../src/helloworld.c"
../src/helloworld.c:51:10: fatal error: LEDs.h: No such file or directory
 #include "LEDs.h"
          ^~~~~~~~
compilation terminated.
make: *** [src/subdir.mk:26: src/helloworld.o] Error 1
23:41:55 **** Auto Build of configuration Debug for project Helloworld ****
make all 
'Building file: ../src/helloworld.c'
'Invoking: MicroBlaze gcc compiler'
mb-gcc -Wall -O0 -g3 -c -fmessage-length=0 -MT"src/helloworld.o" -I../../Helloworld_bsp/microblaze_0/include -mlittle-endian -mcpu=v11.0 -mxl-soft-mul -Wl,--no-relax -ffunction-sections -fdata-sections -MMD -MP -MF"src/helloworld.d" -MT"src/helloworld.o" -o "src/helloworld.o" "../src/helloworld.c"
../src/helloworld.c:51:10: fatal error: rsc.LEDs.h: No such file or directory
 #include "rsc.LEDs.h"
          ^~~~~~~~~~~~
compilation terminated.
make: *** [src/subdir.mk:26: src/helloworld.o] Error 1
23:42:27 **** Auto Build of configuration Debug for project ABC_Controller ****
make all 
'Building file: ../src/LEDs.cpp'
'Invoking: MicroBlaze g++ compiler'
mb-g++ -Wall -O0 -g3 -c -fmessage-length=0 -MT"src/LEDs.o" -I../../ABC_Controller_bsp/microblaze_0/include -mlittle-endian -mcpu=v11.0 -mxl-soft-mul -Wl,--no-relax -ffunction-sections -fdata-sections -MMD -MP -MF"src/LEDs.d" -MT"src/LEDs.o" -o "src/LEDs.o" "../src/LEDs.cpp"
'Finished building: ../src/LEDs.cpp'
' '
'Building target: ABC_Controller.elf'
'Invoking: MicroBlaze g++ linker'
mb-g++ -Wl,-T -Wl,../src/lscript.ld -L../../ABC_Controller_bsp/microblaze_0/lib -mlittle-endian -mcpu=v11.0 -mxl-soft-mul -Wl,--no-relax -Wl,--gc-sections -o "ABC_Controller.elf"  ./src/LEDs.o ./src/main.o ./src/platform.o   -Wl,--start-group,-lxil,-lgcc,-lc,-lstdc++,--end-group
'Finished building target: ABC_Controller.elf'
' '
'Invoking: MicroBlaze Print Size'
mb-size ABC_Controller.elf  |tee "ABC_Controller.elf.size"
   text	   data	    bss	    dec	    hex	filename
  92112	   1436	   3188	  96736	  179e0	ABC_Controller.elf
'Finished building: ABC_Controller.elf.size'
' '
23:42:35 **** Auto Build of configuration Debug for project Helloworld ****
make all 
'Building file: ../src/helloworld.c'
'Invoking: MicroBlaze gcc compiler'
mb-gcc -Wall -O0 -g3 -c -fmessage-length=0 -MT"src/helloworld.o" -I../../Helloworld_bsp/microblaze_0/include -mlittle-endian -mcpu=v11.0 -mxl-soft-mul -Wl,--no-relax -ffunction-sections -fdata-sections -MMD -MP -MF"src/helloworld.d" -MT"src/helloworld.o" -o "src/helloworld.o" "../src/helloworld.c"
../src/helloworld.c:51:10: fatal error: LEDs.h: No such file or directory
 #include "LEDs.h"
          ^~~~~~~~
compilation terminated.
make: *** [src/subdir.mk:26: src/helloworld.o] Error 1
23:43:25 **** Auto Build of configuration Debug for project Helloworld ****
make all 
'Building file: ../src/helloworld.c'
'Invoking: MicroBlaze gcc compiler'
mb-gcc -Wall -O0 -g3 -c -fmessage-length=0 -MT"src/helloworld.o" -I../../Helloworld_bsp/microblaze_0/include -mlittle-endian -mcpu=v11.0 -mxl-soft-mul -Wl,--no-relax -ffunction-sections -fdata-sections -MMD -MP -MF"src/helloworld.d" -MT"src/helloworld.o" -o "src/helloworld.o" "../src/helloworld.c"
../src/helloworld.c:51:10: fatal error: LEDs.h: No such file or directory
 #include "LEDs.h"
          ^~~~~~~~
compilation terminated.
make: *** [src/subdir.mk:26: src/helloworld.o] Error 1
23:44:15 **** Clean-only build of configuration Debug for project ABC_Controller ****
make clean 
rm -rf  ./src/main.d  ./src/LEDs.o ./src/main.o ./src/platform.o  ./src/platform.d  ./src/LEDs.d  ABC_Controller.elf.size  ABC_Controller.elf
' '
23:44:16 **** Auto Build of configuration Debug for project ABC_Controller ****
make all 
'Building file: ../src/main.cc'
'Invoking: MicroBlaze g++ compiler'
mb-g++ -Wall -O0 -g3 -c -fmessage-length=0 -MT"src/main.o" -I../../ABC_Controller_bsp/microblaze_0/include -mlittle-endian -mcpu=v11.0 -mxl-soft-mul -Wl,--no-relax -ffunction-sections -fdata-sections -MMD -MP -MF"src/main.d" -MT"src/main.o" -o "src/main.o" "../src/main.cc"
'Finished building: ../src/main.cc'
' '
'Building file: ../src/platform.c'
'Invoking: MicroBlaze g++ compiler'
mb-g++ -Wall -O0 -g3 -c -fmessage-length=0 -MT"src/platform.o" -I../../ABC_Controller_bsp/microblaze_0/include -mlittle-endian -mcpu=v11.0 -mxl-soft-mul -Wl,--no-relax -ffunction-sections -fdata-sections -MMD -MP -MF"src/platform.d" -MT"src/platform.o" -o "src/platform.o" "../src/platform.c"
'Finished building: ../src/platform.c'
' '
'Building target: ABC_Controller.elf'
'Invoking: MicroBlaze g++ linker'
mb-g++ -Wl,-T -Wl,../src/lscript.ld -L../../ABC_Controller_bsp/microblaze_0/lib -mlittle-endian -mcpu=v11.0 -mxl-soft-mul -Wl,--no-relax -Wl,--gc-sections -o "ABC_Controller.elf"  ./src/main.o ./src/platform.o   -Wl,--start-group,-lxil,-lgcc,-lc,-lstdc++,--end-group
'Finished building target: ABC_Controller.elf'
' '
'Invoking: MicroBlaze Print Size'
mb-size ABC_Controller.elf  |tee "ABC_Controller.elf.size"
   text	   data	    bss	    dec	    hex	filename
  92112	   1436	   3188	  96736	  179e0	ABC_Controller.elf
'Finished building: ABC_Controller.elf.size'
' '
23:44:42 **** Auto Build of configuration Debug for project ABC_Controller ****
make all 
'Building file: ../src/LEDs.cpp'
'Invoking: MicroBlaze g++ compiler'
mb-g++ -Wall -O0 -g3 -c -fmessage-length=0 -MT"src/LEDs.o" -I../../ABC_Controller_bsp/microblaze_0/include -mlittle-endian -mcpu=v11.0 -mxl-soft-mul -Wl,--no-relax -ffunction-sections -fdata-sections -MMD -MP -MF"src/LEDs.d" -MT"src/LEDs.o" -o "src/LEDs.o" "../src/LEDs.cpp"
'Finished building: ../src/LEDs.cpp'
' '
'Building target: ABC_Controller.elf'
'Invoking: MicroBlaze g++ linker'
mb-g++ -Wl,-T -Wl,../src/lscript.ld -L../../ABC_Controller_bsp/microblaze_0/lib -mlittle-endian -mcpu=v11.0 -mxl-soft-mul -Wl,--no-relax -Wl,--gc-sections -o "ABC_Controller.elf"  ./src/LEDs.o ./src/main.o ./src/platform.o   -Wl,--start-group,-lxil,-lgcc,-lc,-lstdc++,--end-group
'Finished building target: ABC_Controller.elf'
' '
'Invoking: MicroBlaze Print Size'
mb-size ABC_Controller.elf  |tee "ABC_Controller.elf.size"
   text	   data	    bss	    dec	    hex	filename
  92112	   1436	   3188	  96736	  179e0	ABC_Controller.elf
'Finished building: ABC_Controller.elf.size'
' '
23:44:50 **** Incremental Build of configuration Debug for project Helloworld ****
make all 
'Building file: ../src/helloworld.c'
'Invoking: MicroBlaze gcc compiler'
mb-gcc -Wall -O0 -g3 -c -fmessage-length=0 -MT"src/helloworld.o" -I../../Helloworld_bsp/microblaze_0/include -mlittle-endian -mcpu=v11.0 -mxl-soft-mul -Wl,--no-relax -ffunction-sections -fdata-sections -MMD -MP -MF"src/helloworld.d" -MT"src/helloworld.o" -o "src/helloworld.o" "../src/helloworld.c"
../src/helloworld.c:51:10: fatal error: LEDs.h: No such file or directory
 #include "LEDs.h"
          ^~~~~~~~
compilation terminated.
make: *** [src/subdir.mk:26: src/helloworld.o] Error 1
23:45:25 **** Auto Build of configuration Debug for project ABC_Controller ****
make all 
'Building file: ../src/LEDs.cpp'
'Invoking: MicroBlaze g++ compiler'
mb-g++ -Wall -O0 -g3 -c -fmessage-length=0 -MT"src/LEDs.o" -I../../ABC_Controller_bsp/microblaze_0/include -mlittle-endian -mcpu=v11.0 -mxl-soft-mul -Wl,--no-relax -ffunction-sections -fdata-sections -MMD -MP -MF"src/LEDs.d" -MT"src/LEDs.o" -o "src/LEDs.o" "../src/LEDs.cpp"
'Finished building: ../src/LEDs.cpp'
' '
'Building target: ABC_Controller.elf'
'Invoking: MicroBlaze g++ linker'
mb-g++ -Wl,-T -Wl,../src/lscript.ld -L../../ABC_Controller_bsp/microblaze_0/lib -mlittle-endian -mcpu=v11.0 -mxl-soft-mul -Wl,--no-relax -Wl,--gc-sections -o "ABC_Controller.elf"  ./src/LEDs.o ./src/main.o ./src/platform.o   -Wl,--start-group,-lxil,-lgcc,-lc,-lstdc++,--end-group
'Finished building target: ABC_Controller.elf'
' '
'Invoking: MicroBlaze Print Size'
mb-size ABC_Controller.elf  |tee "ABC_Controller.elf.size"
   text	   data	    bss	    dec	    hex	filename
  92112	   1436	   3188	  96736	  179e0	ABC_Controller.elf
'Finished building: ABC_Controller.elf.size'
' '
23:45:39 **** Auto Build of configuration Debug for project ABC_Controller ****
make all 
'Building file: ../src/LEDs.cpp'
'Invoking: MicroBlaze g++ compiler'
mb-g++ -Wall -O0 -g3 -c -fmessage-length=0 -MT"src/LEDs.o" -I../../ABC_Controller_bsp/microblaze_0/include -mlittle-endian -mcpu=v11.0 -mxl-soft-mul -Wl,--no-relax -ffunction-sections -fdata-sections -MMD -MP -MF"src/LEDs.d" -MT"src/LEDs.o" -o "src/LEDs.o" "../src/LEDs.cpp"
'Finished building: ../src/LEDs.cpp'
' '
'Building target: ABC_Controller.elf'
'Invoking: MicroBlaze g++ linker'
mb-g++ -Wl,-T -Wl,../src/lscript.ld -L../../ABC_Controller_bsp/microblaze_0/lib -mlittle-endian -mcpu=v11.0 -mxl-soft-mul -Wl,--no-relax -Wl,--gc-sections -o "ABC_Controller.elf"  ./src/LEDs.o ./src/main.o ./src/platform.o   -Wl,--start-group,-lxil,-lgcc,-lc,-lstdc++,--end-group
'Finished building target: ABC_Controller.elf'
' '
'Invoking: MicroBlaze Print Size'
mb-size ABC_Controller.elf  |tee "ABC_Controller.elf.size"
   text	   data	    bss	    dec	    hex	filename
  92112	   1436	   3188	  96736	  179e0	ABC_Controller.elf
'Finished building: ABC_Controller.elf.size'
' '
23:45:43 **** Auto Build of configuration Debug for project ABC_Controller ****
make all 
'Building file: ../src/LEDs.cpp'
'Invoking: MicroBlaze g++ compiler'
mb-g++ -Wall -O0 -g3 -c -fmessage-length=0 -MT"src/LEDs.o" -I../../ABC_Controller_bsp/microblaze_0/include -mlittle-endian -mcpu=v11.0 -mxl-soft-mul -Wl,--no-relax -ffunction-sections -fdata-sections -MMD -MP -MF"src/LEDs.d" -MT"src/LEDs.o" -o "src/LEDs.o" "../src/LEDs.cpp"
'Finished building: ../src/LEDs.cpp'
' '
'Building target: ABC_Controller.elf'
'Invoking: MicroBlaze g++ linker'
mb-g++ -Wl,-T -Wl,../src/lscript.ld -L../../ABC_Controller_bsp/microblaze_0/lib -mlittle-endian -mcpu=v11.0 -mxl-soft-mul -Wl,--no-relax -Wl,--gc-sections -o "ABC_Controller.elf"  ./src/LEDs.o ./src/main.o ./src/platform.o   -Wl,--start-group,-lxil,-lgcc,-lc,-lstdc++,--end-group
'Finished building target: ABC_Controller.elf'
' '
'Invoking: MicroBlaze Print Size'
mb-size ABC_Controller.elf  |tee "ABC_Controller.elf.size"
   text	   data	    bss	    dec	    hex	filename
  92112	   1436	   3188	  96736	  179e0	ABC_Controller.elf
'Finished building: ABC_Controller.elf.size'
' '
23:46:09 **** Auto Build of configuration Debug for project Helloworld ****
make all 
'Building file: ../src/helloworld.c'
'Invoking: MicroBlaze gcc compiler'
mb-gcc -Wall -O0 -g3 -c -fmessage-length=0 -MT"src/helloworld.o" -I../../Helloworld_bsp/microblaze_0/include -mlittle-endian -mcpu=v11.0 -mxl-soft-mul -Wl,--no-relax -ffunction-sections -fdata-sections -MMD -MP -MF"src/helloworld.d" -MT"src/helloworld.o" -o "src/helloworld.o" "../src/helloworld.c"
'Finished building: ../src/helloworld.c'
' '
'Building target: Helloworld.elf'
'Invoking: MicroBlaze gcc linker'
mb-gcc -Wl,-T -Wl,../src/lscript.ld -L../../Helloworld_bsp/microblaze_0/lib -mlittle-endian -mcpu=v11.0 -mxl-soft-mul -Wl,--no-relax -Wl,--gc-sections -o "Helloworld.elf"  ./src/helloworld.o ./src/platform.o   -Wl,--start-group,-lxil,-lgcc,-lc,--end-group
'Finished building target: Helloworld.elf'
' '
'Invoking: MicroBlaze Print Size'
mb-size Helloworld.elf  |tee "Helloworld.elf.size"
   text	   data	    bss	    dec	    hex	filename
   2712	    268	   3108	   6088	   17c8	Helloworld.elf
'Finished building: Helloworld.elf.size'
' '
23:46:15 **** Auto Build of configuration Debug for project ABC_Controller ****
make all 
'Building file: ../src/main.cc'
'Invoking: MicroBlaze g++ compiler'
mb-g++ -Wall -O0 -g3 -c -fmessage-length=0 -MT"src/main.o" -I../../ABC_Controller_bsp/microblaze_0/include -mlittle-endian -mcpu=v11.0 -mxl-soft-mul -Wl,--no-relax -ffunction-sections -fdata-sections -MMD -MP -MF"src/main.d" -MT"src/main.o" -o "src/main.o" "../src/main.cc"
'Finished building: ../src/main.cc'
' '
'Building target: ABC_Controller.elf'
'Invoking: MicroBlaze g++ linker'
mb-g++ -Wl,-T -Wl,../src/lscript.ld -L../../ABC_Controller_bsp/microblaze_0/lib -mlittle-endian -mcpu=v11.0 -mxl-soft-mul -Wl,--no-relax -Wl,--gc-sections -o "ABC_Controller.elf"  ./src/LEDs.o ./src/main.o ./src/platform.o   -Wl,--start-group,-lxil,-lgcc,-lc,-lstdc++,--end-group
'Finished building target: ABC_Controller.elf'
' '
'Invoking: MicroBlaze Print Size'
mb-size ABC_Controller.elf  |tee "ABC_Controller.elf.size"
   text	   data	    bss	    dec	    hex	filename
  92112	   1436	   3188	  96736	  179e0	ABC_Controller.elf
'Finished building: ABC_Controller.elf.size'
' '
23:47:13 **** Auto Build of configuration Debug for project ABC_Controller ****
make all 
'Building file: ../src/main.cc'
'Invoking: MicroBlaze g++ compiler'
mb-g++ -Wall -O0 -g3 -c -fmessage-length=0 -MT"src/main.o" -I../../ABC_Controller_bsp/microblaze_0/include -mlittle-endian -mcpu=v11.0 -mxl-soft-mul -Wl,--no-relax -ffunction-sections -fdata-sections -MMD -MP -MF"src/main.d" -MT"src/main.o" -o "src/main.o" "../src/main.cc"
../src/main.cc: In function 'int main()':
../src/main.cc:15:17: error: 'A' was not declared in this scope
     LED.LightUp(A)
                 ^
make: *** [src/subdir.mk:44: src/main.o] Error 1
23:47:16 **** Auto Build of configuration Debug for project ABC_Controller ****
make all 
'Building file: ../src/main.cc'
'Invoking: MicroBlaze g++ compiler'
mb-g++ -Wall -O0 -g3 -c -fmessage-length=0 -MT"src/main.o" -I../../ABC_Controller_bsp/microblaze_0/include -mlittle-endian -mcpu=v11.0 -mxl-soft-mul -Wl,--no-relax -ffunction-sections -fdata-sections -MMD -MP -MF"src/main.d" -MT"src/main.o" -o "src/main.o" "../src/main.cc"
../src/main.cc: In function 'int main()':
../src/main.cc:15:17: error: 'A' was not declared in this scope
     LED.LightUp(A);
                 ^
make: *** [src/subdir.mk:44: src/main.o] Error 1
23:47:24 **** Auto Build of configuration Debug for project ABC_Controller ****
make all 
'Building file: ../src/main.cc'
'Invoking: MicroBlaze g++ compiler'
mb-g++ -Wall -O0 -g3 -c -fmessage-length=0 -MT"src/main.o" -I../../ABC_Controller_bsp/microblaze_0/include -mlittle-endian -mcpu=v11.0 -mxl-soft-mul -Wl,--no-relax -ffunction-sections -fdata-sections -MMD -MP -MF"src/main.d" -MT"src/main.o" -o "src/main.o" "../src/main.cc"
'Finished building: ../src/main.cc'
' '
'Building target: ABC_Controller.elf'
'Invoking: MicroBlaze g++ linker'
mb-g++ -Wl,-T -Wl,../src/lscript.ld -L../../ABC_Controller_bsp/microblaze_0/lib -mlittle-endian -mcpu=v11.0 -mxl-soft-mul -Wl,--no-relax -Wl,--gc-sections -o "ABC_Controller.elf"  ./src/LEDs.o ./src/main.o ./src/platform.o   -Wl,--start-group,-lxil,-lgcc,-lc,-lstdc++,--end-group
'Finished building target: ABC_Controller.elf'
' '
'Invoking: MicroBlaze Print Size'
mb-size ABC_Controller.elf  |tee "ABC_Controller.elf.size"
   text	   data	    bss	    dec	    hex	filename
 122668	   1460	   3264	 127392	  1f1a0	ABC_Controller.elf
'Finished building: ABC_Controller.elf.size'
' '
23:47:28 **** Incremental Build of configuration Debug for project Helloworld ****
make all 
make: Nothing to be done for 'all'.
23:47:45 **** Incremental Build of configuration Debug for project ABC_Controller ****
make all 
make: Nothing to be done for 'all'.
23:50:09 **** Auto Build of configuration Debug for project ABC_Controller ****
make all 
'Building file: ../src/Buzzer.cpp'
'Invoking: MicroBlaze g++ compiler'
mb-g++ -Wall -O0 -g3 -c -fmessage-length=0 -MT"src/Buzzer.o" -I../../ABC_Controller_bsp/microblaze_0/include -mlittle-endian -mcpu=v11.0 -mxl-soft-mul -Wl,--no-relax -ffunction-sections -fdata-sections -MMD -MP -MF"src/Buzzer.d" -MT"src/Buzzer.o" -o "src/Buzzer.o" "../src/Buzzer.cpp"
'Finished building: ../src/Buzzer.cpp'
' '
'Building target: ABC_Controller.elf'
'Invoking: MicroBlaze g++ linker'
mb-g++ -Wl,-T -Wl,../src/lscript.ld -L../../ABC_Controller_bsp/microblaze_0/lib -mlittle-endian -mcpu=v11.0 -mxl-soft-mul -Wl,--no-relax -Wl,--gc-sections -o "ABC_Controller.elf"  ./src/Buzzer.o ./src/LEDs.o ./src/main.o ./src/platform.o   -Wl,--start-group,-lxil,-lgcc,-lc,-lstdc++,--end-group
'Finished building target: ABC_Controller.elf'
' '
'Invoking: MicroBlaze Print Size'
mb-size ABC_Controller.elf  |tee "ABC_Controller.elf.size"
   text	   data	    bss	    dec	    hex	filename
 122668	   1460	   3264	 127392	  1f1a0	ABC_Controller.elf
'Finished building: ABC_Controller.elf.size'
' '
23:50:26 **** Auto Build of configuration Debug for project ABC_Controller ****
make all 
'Building file: ../src/main.cc'
'Invoking: MicroBlaze g++ compiler'
mb-g++ -Wall -O0 -g3 -c -fmessage-length=0 -MT"src/main.o" -I../../ABC_Controller_bsp/microblaze_0/include -mlittle-endian -mcpu=v11.0 -mxl-soft-mul -Wl,--no-relax -ffunction-sections -fdata-sections -MMD -MP -MF"src/main.d" -MT"src/main.o" -o "src/main.o" "../src/main.cc"
'Finished building: ../src/main.cc'
' '
'Building target: ABC_Controller.elf'
'Invoking: MicroBlaze g++ linker'
mb-g++ -Wl,-T -Wl,../src/lscript.ld -L../../ABC_Controller_bsp/microblaze_0/lib -mlittle-endian -mcpu=v11.0 -mxl-soft-mul -Wl,--no-relax -Wl,--gc-sections -o "ABC_Controller.elf"  ./src/Buzzer.o ./src/LEDs.o ./src/main.o ./src/platform.o   -Wl,--start-group,-lxil,-lgcc,-lc,-lstdc++,--end-group
'Finished building target: ABC_Controller.elf'
' '
'Invoking: MicroBlaze Print Size'
mb-size ABC_Controller.elf  |tee "ABC_Controller.elf.size"
   text	   data	    bss	    dec	    hex	filename
 122668	   1460	   3264	 127392	  1f1a0	ABC_Controller.elf
'Finished building: ABC_Controller.elf.size'
' '
23:50:52 **** Auto Build of configuration Debug for project ABC_Controller ****
make all 
'Building file: ../src/Buzzer.cpp'
'Invoking: MicroBlaze g++ compiler'
mb-g++ -Wall -O0 -g3 -c -fmessage-length=0 -MT"src/Buzzer.o" -I../../ABC_Controller_bsp/microblaze_0/include -mlittle-endian -mcpu=v11.0 -mxl-soft-mul -Wl,--no-relax -ffunction-sections -fdata-sections -MMD -MP -MF"src/Buzzer.d" -MT"src/Buzzer.o" -o "src/Buzzer.o" "../src/Buzzer.cpp"
../src/Buzzer.cpp: In constructor 'Buzzer::Buzzer()':
../src/Buzzer.cpp:12:2: error: 'XGpio_Config' was not declared in this scope
  XGpio_Config *Buzzer_Config;
  ^~~~~~~~~~~~
../src/Buzzer.cpp:12:16: error: 'Buzzer_Config' was not declared in this scope
  XGpio_Config *Buzzer_Config;
                ^~~~~~~~~~~~~
../src/Buzzer.cpp:13:37: error: 'XPAR_AXI_GPIO_0_DEVICE_ID' was not declared in this scope
  Buzzer_Config = XGpio_LookupConfig(XPAR_AXI_GPIO_0_DEVICE_ID);
                                     ^~~~~~~~~~~~~~~~~~~~~~~~~
../src/Buzzer.cpp:13:18: error: 'XGpio_LookupConfig' was not declared in this scope
  Buzzer_Config = XGpio_LookupConfig(XPAR_AXI_GPIO_0_DEVICE_ID);
                  ^~~~~~~~~~~~~~~~~~
../src/Buzzer.cpp:14:23: error: 'LED' was not declared in this scope
  XGpio_CfgInitialize(&LED, Buzzer_Config, led_Config->BaseAddress);
                       ^~~
../src/Buzzer.cpp:14:43: error: 'led_Config' was not declared in this scope
  XGpio_CfgInitialize(&LED, Buzzer_Config, led_Config->BaseAddress);
                                           ^~~~~~~~~~
../src/Buzzer.cpp:14:2: error: 'XGpio_CfgInitialize' was not declared in this scope
  XGpio_CfgInitialize(&LED, Buzzer_Config, led_Config->BaseAddress);
  ^~~~~~~~~~~~~~~~~~~
../src/Buzzer.cpp:16:31: error: 'LED_CHANNEL' was not declared in this scope
  XGpio_SetDataDirection(&LED, LED_CHANNEL, 0);
                               ^~~~~~~~~~~
../src/Buzzer.cpp:16:2: error: 'XGpio_SetDataDirection' was not declared in this scope
  XGpio_SetDataDirection(&LED, LED_CHANNEL, 0);
  ^~~~~~~~~~~~~~~~~~~~~~
make: *** [src/subdir.mk:40: src/Buzzer.o] Error 1
23:51:11 **** Auto Build of configuration Debug for project ABC_Controller ****
make all 
'Building file: ../src/Buzzer.cpp'
'Invoking: MicroBlaze g++ compiler'
mb-g++ -Wall -O0 -g3 -c -fmessage-length=0 -MT"src/Buzzer.o" -I../../ABC_Controller_bsp/microblaze_0/include -mlittle-endian -mcpu=v11.0 -mxl-soft-mul -Wl,--no-relax -ffunction-sections -fdata-sections -MMD -MP -MF"src/Buzzer.d" -MT"src/Buzzer.o" -o "src/Buzzer.o" "../src/Buzzer.cpp"
../src/Buzzer.cpp: In constructor 'Buzzer::Buzzer()':
../src/Buzzer.cpp:17:23: error: 'LED' was not declared in this scope
  XGpio_CfgInitialize(&LED, Buzzer_Config, led_Config->BaseAddress);
                       ^~~
../src/Buzzer.cpp:17:43: error: 'led_Config' was not declared in this scope
  XGpio_CfgInitialize(&LED, Buzzer_Config, led_Config->BaseAddress);
                                           ^~~~~~~~~~
[...]
./src/Buzzer.o: In function `Buzzer::Buzzer()':
D:\Shared\USN_study\HW_SW_CO_Design\ABC\Group_2\Software\ABC_Controller\Debug/../src/Buzzer.cpp:17: undefined reference to `ACL2_begin(PmodACL2*, unsigned long, unsigned long)'
D:\Shared\USN_study\HW_SW_CO_Design\ABC\Group_2\Software\ABC_Controller\Debug/../src/Buzzer.cpp:18: undefined reference to `ACL2_end(PmodACL2*)'
collect2.exe: error: ld returned 1 exit status
make: *** [makefile:50: ABC_Controller.elf] Error 1
01:14:29 **** Auto Build of configuration Debug for project ABC_Controller ****
make all 
'Building target: ABC_Controller.elf'
'Invoking: MicroBlaze g++ linker'
mb-g++ -Wl,-T -Wl,../src/lscript.ld -L../../ABC_Controller_bsp/microblaze_0/lib -mlittle-endian -mcpu=v11.0 -mxl-soft-mul -Wl,--no-relax -Wl,--gc-sections -o "ABC_Controller.elf"  ./src/Buzzer.o ./src/LEDs.o ./src/main.o ./src/platform.o   -Wl,--start-group,-lxil,-lgcc,-lc,-lstdc++,--end-group
./src/Buzzer.o: In function `Buzzer::Buzzer()':
D:\Shared\USN_study\HW_SW_CO_Design\ABC\Group_2\Software\ABC_Controller\Debug/../src/Buzzer.cpp:17: undefined reference to `ACL2_begin(PmodACL2*, unsigned long, unsigned long)'
D:\Shared\USN_study\HW_SW_CO_Design\ABC\Group_2\Software\ABC_Controller\Debug/../src/Buzzer.cpp:18: undefined reference to `ACL2_end(PmodACL2*)'
collect2.exe: error: ld returned 1 exit status
make: *** [makefile:50: ABC_Controller.elf] Error 1
01:14:41 **** Clean-only build of configuration Debug for project ABC_Controller ****
make clean 
rm -rf  ./src/main.d  ./src/Buzzer.o ./src/LEDs.o ./src/main.o ./src/platform.o  ./src/platform.d  ./src/Buzzer.d ./src/LEDs.d  ABC_Controller.elf.size  ABC_Controller.elf
' '
01:14:41 **** Auto Build of configuration Debug for project ABC_Controller ****
make all 
'Building file: ../src/BUZ.c'
'Invoking: MicroBlaze g++ compiler'
mb-g++ -Wall -O0 -g3 -c -fmessage-length=0 -MT"src/BUZ.o" -I../../ABC_Controller_bsp/microblaze_0/include -mlittle-endian -mcpu=v11.0 -mxl-soft-mul -Wl,--no-relax -ffunction-sections -fdata-sections -MMD -MP -MF"src/BUZ.d" -MT"src/BUZ.o" -o "src/BUZ.o" "../src/BUZ.c"
'Finished building: ../src/BUZ.c'
' '
'Building file: ../src/Buzzer.cpp'
'Invoking: MicroBlaze g++ compiler'
mb-g++ -Wall -O0 -g3 -c -fmessage-length=0 -MT"src/Buzzer.o" -I../../ABC_Controller_bsp/microblaze_0/include -mlittle-endian -mcpu=v11.0 -mxl-soft-mul -Wl,--no-relax -ffunction-sections -fdata-sections -MMD -MP -MF"src/Buzzer.d" -MT"src/Buzzer.o" -o "src/Buzzer.o" "../src/Buzzer.cpp"
'Finished building: ../src/Buzzer.cpp'
' '
'Building file: ../src/LEDs.cpp'
'Invoking: MicroBlaze g++ compiler'
mb-g++ -Wall -O0 -g3 -c -fmessage-length=0 -MT"src/LEDs.o" -I../../ABC_Controller_bsp/microblaze_0/include -mlittle-endian -mcpu=v11.0 -mxl-soft-mul -Wl,--no-relax -ffunction-sections -fdata-sections -MMD -MP -MF"src/LEDs.d" -MT"src/LEDs.o" -o "src/LEDs.o" "../src/LEDs.cpp"
'Finished building: ../src/LEDs.cpp'
' '
'Building file: ../src/main.cc'
'Invoking: MicroBlaze g++ compiler'
mb-g++ -Wall -O0 -g3 -c -fmessage-length=0 -MT"src/main.o" -I../../ABC_Controller_bsp/microblaze_0/include -mlittle-endian -mcpu=v11.0 -mxl-soft-mul -Wl,--no-relax -ffunction-sections -fdata-sections -MMD -MP -MF"src/main.d" -MT"src/main.o" -o "src/main.o" "../src/main.cc"
'Finished building: ../src/main.cc'
' '
'Building file: ../src/platform.c'
'Invoking: MicroBlaze g++ compiler'
mb-g++ -Wall -O0 -g3 -c -fmessage-length=0 -MT"src/platform.o" -I../../ABC_Controller_bsp/microblaze_0/include -mlittle-endian -mcpu=v11.0 -mxl-soft-mul -Wl,--no-relax -ffunction-sections -fdata-sections -MMD -MP -MF"src/platform.d" -MT"src/platform.o" -o "src/platform.o" "../src/platform.c"
'Finished building: ../src/platform.c'
' '
'Building target: ABC_Controller.elf'
'Invoking: MicroBlaze g++ linker'
mb-g++ -Wl,-T -Wl,../src/lscript.ld -L../../ABC_Controller_bsp/microblaze_0/lib -mlittle-endian -mcpu=v11.0 -mxl-soft-mul -Wl,--no-relax -Wl,--gc-sections -o "ABC_Controller.elf"  ./src/BUZ.o ./src/Buzzer.o ./src/LEDs.o ./src/main.o ./src/platform.o   -Wl,--start-group,-lxil,-lgcc,-lc,-lstdc++,--end-group
./src/Buzzer.o: In function `Buzzer::Buzzer()':
D:\Shared\USN_study\HW_SW_CO_Design\ABC\Group_2\Software\ABC_Controller\Debug/../src/Buzzer.cpp:17: undefined reference to `ACL2_begin(PmodACL2*, unsigned long, unsigned long)'
D:\Shared\USN_study\HW_SW_CO_Design\ABC\Group_2\Software\ABC_Controller\Debug/../src/Buzzer.cpp:18: undefined reference to `ACL2_end(PmodACL2*)'
collect2.exe: error: ld returned 1 exit status
make: *** [makefile:50: ABC_Controller.elf] Error 1
01:15:09 **** Clean-only build of configuration Debug for project ABC_Controller ****
make clean 
rm -rf  ./src/main.d  ./src/BUZ.o ./src/Buzzer.o ./src/LEDs.o ./src/main.o ./src/platform.o  ./src/BUZ.d ./src/platform.d  ./src/Buzzer.d ./src/LEDs.d  ABC_Controller.elf.size  ABC_Controller.elf
' '
01:15:09 **** Auto Build of configuration Debug for project ABC_Controller ****
make all 
'Building file: ../src/Buzzer.cpp'
'Invoking: MicroBlaze g++ compiler'
mb-g++ -Wall -O0 -g3 -c -fmessage-length=0 -MT"src/Buzzer.o" -I../../ABC_Controller_bsp/microblaze_0/include -mlittle-endian -mcpu=v11.0 -mxl-soft-mul -Wl,--no-relax -ffunction-sections -fdata-sections -MMD -MP -MF"src/Buzzer.d" -MT"src/Buzzer.o" -o "src/Buzzer.o" "../src/Buzzer.cpp"
'Finished building: ../src/Buzzer.cpp'
' '
'Building file: ../src/LEDs.cpp'
'Invoking: MicroBlaze g++ compiler'
mb-g++ -Wall -O0 -g3 -c -fmessage-length=0 -MT"src/LEDs.o" -I../../ABC_Controller_bsp/microblaze_0/include -mlittle-endian -mcpu=v11.0 -mxl-soft-mul -Wl,--no-relax -ffunction-sections -fdata-sections -MMD -MP -MF"src/LEDs.d" -MT"src/LEDs.o" -o "src/LEDs.o" "../src/LEDs.cpp"
'Finished building: ../src/LEDs.cpp'
' '
'Building file: ../src/main.cc'
'Invoking: MicroBlaze g++ compiler'
mb-g++ -Wall -O0 -g3 -c -fmessage-length=0 -MT"src/main.o" -I../../ABC_Controller_bsp/microblaze_0/include -mlittle-endian -mcpu=v11.0 -mxl-soft-mul -Wl,--no-relax -ffunction-sections -fdata-sections -MMD -MP -MF"src/main.d" -MT"src/main.o" -o "src/main.o" "../src/main.cc"
'Finished building: ../src/main.cc'
' '
'Building file: ../src/platform.c'
'Invoking: MicroBlaze g++ compiler'
mb-g++ -Wall -O0 -g3 -c -fmessage-length=0 -MT"src/platform.o" -I../../ABC_Controller_bsp/microblaze_0/include -mlittle-endian -mcpu=v11.0 -mxl-soft-mul -Wl,--no-relax -ffunction-sections -fdata-sections -MMD -MP -MF"src/platform.d" -MT"src/platform.o" -o "src/platform.o" "../src/platform.c"
'Finished building: ../src/platform.c'
' '
'Building target: ABC_Controller.elf'
'Invoking: MicroBlaze g++ linker'
mb-g++ -Wl,-T -Wl,../src/lscript.ld -L../../ABC_Controller_bsp/microblaze_0/lib -mlittle-endian -mcpu=v11.0 -mxl-soft-mul -Wl,--no-relax -Wl,--gc-sections -o "ABC_Controller.elf"  ./src/Buzzer.o ./src/LEDs.o ./src/main.o ./src/platform.o   -Wl,--start-group,-lxil,-lgcc,-lc,-lstdc++,--end-group
./src/Buzzer.o: In function `Buzzer::Buzzer()':
D:\Shared\USN_study\HW_SW_CO_Design\ABC\Group_2\Software\ABC_Controller\Debug/../src/Buzzer.cpp:17: undefined reference to `ACL2_begin(PmodACL2*, unsigned long, unsigned long)'
D:\Shared\USN_study\HW_SW_CO_Design\ABC\Group_2\Software\ABC_Controller\Debug/../src/Buzzer.cpp:18: undefined reference to `ACL2_end(PmodACL2*)'
collect2.exe: error: ld returned 1 exit status
make: *** [makefile:50: ABC_Controller.elf] Error 1
01:15:42 **** Auto Build of configuration Debug for project ABC_Controller ****
make all 
'Building target: ABC_Controller.elf'
'Invoking: MicroBlaze g++ linker'
mb-g++ -Wl,-T -Wl,../src/lscript.ld -L../../ABC_Controller_bsp/microblaze_0/lib -mlittle-endian -mcpu=v11.0 -mxl-soft-mul -Wl,--no-relax -Wl,--gc-sections -o "ABC_Controller.elf"  ./src/Buzzer.o ./src/LEDs.o ./src/main.o ./src/platform.o   -Wl,--start-group,-lxil,-lgcc,-lc,-lstdc++,--end-group
./src/Buzzer.o: In function `Buzzer::Buzzer()':
D:\Shared\USN_study\HW_SW_CO_Design\ABC\Group_2\Software\ABC_Controller\Debug/../src/Buzzer.cpp:17: undefined reference to `ACL2_begin(PmodACL2*, unsigned long, unsigned long)'
D:\Shared\USN_study\HW_SW_CO_Design\ABC\Group_2\Software\ABC_Controller\Debug/../src/Buzzer.cpp:18: undefined reference to `ACL2_end(PmodACL2*)'
collect2.exe: error: ld returned 1 exit status
make: *** [makefile:50: ABC_Controller.elf] Error 1
01:15:46 **** Clean-only build of configuration Debug for project ABC_Controller ****
make clean 
rm -rf  ./src/main.d  ./src/Buzzer.o ./src/LEDs.o ./src/main.o ./src/platform.o  ./src/platform.d  ./src/Buzzer.d ./src/LEDs.d  ABC_Controller.elf.size  ABC_Controller.elf
' '
01:15:46 **** Auto Build of configuration Debug for project ABC_Controller ****
make all 
'Building file: ../src/Buzzer.cpp'
'Invoking: MicroBlaze g++ compiler'
mb-g++ -Wall -O0 -g3 -c -fmessage-length=0 -MT"src/Buzzer.o" -I../../ABC_Controller_bsp/microblaze_0/include -mlittle-endian -mcpu=v11.0 -mxl-soft-mul -Wl,--no-relax -ffunction-sections -fdata-sections -MMD -MP -MF"src/Buzzer.d" -MT"src/Buzzer.o" -o "src/Buzzer.o" "../src/Buzzer.cpp"
'Finished building: ../src/Buzzer.cpp'
' '
'Building file: ../src/LEDs.cpp'
'Invoking: MicroBlaze g++ compiler'
mb-g++ -Wall -O0 -g3 -c -fmessage-length=0 -MT"src/LEDs.o" -I../../ABC_Controller_bsp/microblaze_0/include -mlittle-endian -mcpu=v11.0 -mxl-soft-mul -Wl,--no-relax -ffunction-sections -fdata-sections -MMD -MP -MF"src/LEDs.d" -MT"src/LEDs.o" -o "src/LEDs.o" "../src/LEDs.cpp"
'Finished building: ../src/LEDs.cpp'
' '
'Building file: ../src/main.cc'
'Invoking: MicroBlaze g++ compiler'
mb-g++ -Wall -O0 -g3 -c -fmessage-length=0 -MT"src/main.o" -I../../ABC_Controller_bsp/microblaze_0/include -mlittle-endian -mcpu=v11.0 -mxl-soft-mul -Wl,--no-relax -ffunction-sections -fdata-sections -MMD -MP -MF"src/main.d" -MT"src/main.o" -o "src/main.o" "../src/main.cc"
'Finished building: ../src/main.cc'
' '
'Building file: ../src/platform.c'
'Invoking: MicroBlaze g++ compiler'
mb-g++ -Wall -O0 -g3 -c -fmessage-length=0 -MT"src/platform.o" -I../../ABC_Controller_bsp/microblaze_0/include -mlittle-endian -mcpu=v11.0 -mxl-soft-mul -Wl,--no-relax -ffunction-sections -fdata-sections -MMD -MP -MF"src/platform.d" -MT"src/platform.o" -o "src/platform.o" "../src/platform.c"
'Finished building: ../src/platform.c'
' '
'Building target: ABC_Controller.elf'
'Invoking: MicroBlaze g++ linker'
mb-g++ -Wl,-T -Wl,../src/lscript.ld -L../../ABC_Controller_bsp/microblaze_0/lib -mlittle-endian -mcpu=v11.0 -mxl-soft-mul -Wl,--no-relax -Wl,--gc-sections -o "ABC_Controller.elf"  ./src/Buzzer.o ./src/LEDs.o ./src/main.o ./src/platform.o   -Wl,--start-group,-lxil,-lgcc,-lc,-lstdc++,--end-group
./src/Buzzer.o: In function `Buzzer::Buzzer()':
D:\Shared\USN_study\HW_SW_CO_Design\ABC\Group_2\Software\ABC_Controller\Debug/../src/Buzzer.cpp:17: undefined reference to `ACL2_begin(PmodACL2*, unsigned long, unsigned long)'
D:\Shared\USN_study\HW_SW_CO_Design\ABC\Group_2\Software\ABC_Controller\Debug/../src/Buzzer.cpp:18: undefined reference to `ACL2_end(PmodACL2*)'
collect2.exe: error: ld returned 1 exit status
make: *** [makefile:50: ABC_Controller.elf] Error 1
01:16:07 **** Auto Build of configuration Debug for project ABC_Controller ****
make all 
'Building target: ABC_Controller.elf'
'Invoking: MicroBlaze g++ linker'
mb-g++ -Wl,-T -Wl,../src/lscript.ld -L../../ABC_Controller_bsp/microblaze_0/lib -mlittle-endian -mcpu=v11.0 -mxl-soft-mul -Wl,--no-relax -Wl,--gc-sections -o "ABC_Controller.elf"  ./src/Buzzer.o ./src/LEDs.o ./src/main.o ./src/platform.o   -Wl,--start-group,-lxil,-lgcc,-lc,-lstdc++,--end-group
./src/Buzzer.o: In function `Buzzer::Buzzer()':
D:\Shared\USN_study\HW_SW_CO_Design\ABC\Group_2\Software\ABC_Controller\Debug/../src/Buzzer.cpp:17: undefined reference to `ACL2_begin(PmodACL2*, unsigned long, unsigned long)'
D:\Shared\USN_study\HW_SW_CO_Design\ABC\Group_2\Software\ABC_Controller\Debug/../src/Buzzer.cpp:18: undefined reference to `ACL2_end(PmodACL2*)'
collect2.exe: error: ld returned 1 exit status
make: *** [makefile:50: ABC_Controller.elf] Error 1
01:16:12 **** Clean-only build of configuration Debug for project ABC_Controller ****
make clean 
rm -rf  ./src/main.d  ./src/Buzzer.o ./src/LEDs.o ./src/main.o ./src/platform.o  ./src/platform.d  ./src/Buzzer.d ./src/LEDs.d  ABC_Controller.elf.size  ABC_Controller.elf
' '
01:16:12 **** Auto Build of configuration Debug for project ABC_Controller ****
make all 
'Building file: ../src/Buzzer.cpp'
'Invoking: MicroBlaze g++ compiler'
mb-g++ -Wall -O0 -g3 -c -fmessage-length=0 -MT"src/Buzzer.o" -I../../ABC_Controller_bsp/microblaze_0/include -mlittle-endian -mcpu=v11.0 -mxl-soft-mul -Wl,--no-relax -ffunction-sections -fdata-sections -MMD -MP -MF"src/Buzzer.d" -MT"src/Buzzer.o" -o "src/Buzzer.o" "../src/Buzzer.cpp"
'Finished building: ../src/Buzzer.cpp'
' '
'Building file: ../src/LEDs.cpp'
'Invoking: MicroBlaze g++ compiler'
mb-g++ -Wall -O0 -g3 -c -fmessage-length=0 -MT"src/LEDs.o" -I../../ABC_Controller_bsp/microblaze_0/include -mlittle-endian -mcpu=v11.0 -mxl-soft-mul -Wl,--no-relax -ffunction-sections -fdata-sections -MMD -MP -MF"src/LEDs.d" -MT"src/LEDs.o" -o "src/LEDs.o" "../src/LEDs.cpp"
'Finished building: ../src/LEDs.cpp'
' '
'Building file: ../src/main.cc'
'Invoking: MicroBlaze g++ compiler'
mb-g++ -Wall -O0 -g3 -c -fmessage-length=0 -MT"src/main.o" -I../../ABC_Controller_bsp/microblaze_0/include -mlittle-endian -mcpu=v11.0 -mxl-soft-mul -Wl,--no-relax -ffunction-sections -fdata-sections -MMD -MP -MF"src/main.d" -MT"src/main.o" -o "src/main.o" "../src/main.cc"
'Finished building: ../src/main.cc'
' '
'Building file: ../src/platform.c'
'Invoking: MicroBlaze g++ compiler'
mb-g++ -Wall -O0 -g3 -c -fmessage-length=0 -MT"src/platform.o" -I../../ABC_Controller_bsp/microblaze_0/include -mlittle-endian -mcpu=v11.0 -mxl-soft-mul -Wl,--no-relax -ffunction-sections -fdata-sections -MMD -MP -MF"src/platform.d" -MT"src/platform.o" -o "src/platform.o" "../src/platform.c"
'Finished building: ../src/platform.c'
' '
'Building target: ABC_Controller.elf'
'Invoking: MicroBlaze g++ linker'
mb-g++ -Wl,-T -Wl,../src/lscript.ld -L../../ABC_Controller_bsp/microblaze_0/lib -mlittle-endian -mcpu=v11.0 -mxl-soft-mul -Wl,--no-relax -Wl,--gc-sections -o "ABC_Controller.elf"  ./src/Buzzer.o ./src/LEDs.o ./src/main.o ./src/platform.o   -Wl,--start-group,-lxil,-lgcc,-lc,-lstdc++,--end-group
./src/Buzzer.o: In function `Buzzer::Buzzer()':
D:\Shared\USN_study\HW_SW_CO_Design\ABC\Group_2\Software\ABC_Controller\Debug/../src/Buzzer.cpp:17: undefined reference to `ACL2_begin(PmodACL2*, unsigned long, unsigned long)'
D:\Shared\USN_study\HW_SW_CO_Design\ABC\Group_2\Software\ABC_Controller\Debug/../src/Buzzer.cpp:18: undefined reference to `ACL2_end(PmodACL2*)'
collect2.exe: error: ld returned 1 exit status
make: *** [makefile:50: ABC_Controller.elf] Error 1
01:22:29 **** Clean-only build of configuration Debug for project ABC_Controller ****
make clean 
rm -rf  ./src/main.d  ./src/Buzzer.o ./src/LEDs.o ./src/main.o ./src/platform.o  ./src/platform.d  ./src/Buzzer.d ./src/LEDs.d  ABC_Controller.elf.size  ABC_Controller.elf
' '
01:22:29 **** Auto Build of configuration Debug for project ABC_Controller ****
make all 
'Building file: ../src/Buzzer.cpp'
'Invoking: MicroBlaze g++ compiler'
mb-g++ -Wall -O0 -g3 -c -fmessage-length=0 -MT"src/Buzzer.o" -I../../ABC_Controller_bsp/microblaze_0/include -mlittle-endian -mcpu=v11.0 -mxl-soft-mul -Wl,--no-relax -ffunction-sections -fdata-sections -MMD -MP -MF"src/Buzzer.d" -MT"src/Buzzer.o" -o "src/Buzzer.o" "../src/Buzzer.cpp"
'Finished building: ../src/Buzzer.cpp'
' '
'Building file: ../src/LEDs.cpp'
'Invoking: MicroBlaze g++ compiler'
mb-g++ -Wall -O0 -g3 -c -fmessage-length=0 -MT"src/LEDs.o" -I../../ABC_Controller_bsp/microblaze_0/include -mlittle-endian -mcpu=v11.0 -mxl-soft-mul -Wl,--no-relax -ffunction-sections -fdata-sections -MMD -MP -MF"src/LEDs.d" -MT"src/LEDs.o" -o "src/LEDs.o" "../src/LEDs.cpp"
'Finished building: ../src/LEDs.cpp'
' '
'Building file: ../src/main.cc'
'Invoking: MicroBlaze g++ compiler'
mb-g++ -Wall -O0 -g3 -c -fmessage-length=0 -MT"src/main.o" -I../../ABC_Controller_bsp/microblaze_0/include -mlittle-endian -mcpu=v11.0 -mxl-soft-mul -Wl,--no-relax -ffunction-sections -fdata-sections -MMD -MP -MF"src/main.d" -MT"src/main.o" -o "src/main.o" "../src/main.cc"
'Finished building: ../src/main.cc'
' '
'Building file: ../src/platform.c'
'Invoking: MicroBlaze g++ compiler'
mb-g++ -Wall -O0 -g3 -c -fmessage-length=0 -MT"src/platform.o" -I../../ABC_Controller_bsp/microblaze_0/include -mlittle-endian -mcpu=v11.0 -mxl-soft-mul -Wl,--no-relax -ffunction-sections -fdata-sections -MMD -MP -MF"src/platform.d" -MT"src/platform.o" -o "src/platform.o" "../src/platform.c"
'Finished building: ../src/platform.c'
' '
'Building target: ABC_Controller.elf'
'Invoking: MicroBlaze g++ linker'
mb-g++ -Wl,-T -Wl,../src/lscript.ld -L../../ABC_Controller_bsp/microblaze_0/lib -mlittle-endian -mcpu=v11.0 -mxl-soft-mul -Wl,--no-relax -Wl,--gc-sections -o "ABC_Controller.elf"  ./src/Buzzer.o ./src/LEDs.o ./src/main.o ./src/platform.o   -lD:/Shared/USN_study/Private/VHDL/vivado-library-2018.2-1/vivado-library -Wl,--start-group,-lxil,-lgcc,-lc,-lstdc++,--end-group
c:/xilinx/sdk/2018.3/gnu/microblaze/nt/bin/../lib/gcc/microblaze-xilinx-elf/7.3.1/../../../../microblaze-xilinx-elf/bin/ld.exe: cannot find -lD:/Shared/USN_study/Private/VHDL/vivado-library-2018.2-1/vivado-library
collect2.exe: error: ld returned 1 exit status
make: *** [makefile:50: ABC_Controller.elf] Error 1
01:22:32 **** Auto Build of configuration Debug for project ABC_Controller ****
make all 
'Building file: ../src/Buzzer.cpp'
'Invoking: MicroBlaze g++ compiler'
mb-g++ -Wall -O0 -g3 -c -fmessage-length=0 -MT"src/Buzzer.o" -I../../ABC_Controller_bsp/microblaze_0/include -mlittle-endian -mcpu=v11.0 -mxl-soft-mul -Wl,--no-relax -ffunction-sections -fdata-sections -MMD -MP -MF"src/Buzzer.d" -MT"src/Buzzer.o" -o "src/Buzzer.o" "../src/Buzzer.cpp"
'Finished building: ../src/Buzzer.cpp'
' '
'Building target: ABC_Controller.elf'
'Invoking: MicroBlaze g++ linker'
mb-g++ -Wl,-T -Wl,../src/lscript.ld -L../../ABC_Controller_bsp/microblaze_0/lib -mlittle-endian -mcpu=v11.0 -mxl-soft-mul -Wl,--no-relax -Wl,--gc-sections -o "ABC_Controller.elf"  ./src/Buzzer.o ./src/LEDs.o ./src/main.o ./src/platform.o   -lD:/Shared/USN_study/Private/VHDL/vivado-library-2018.2-1/vivado-library -Wl,--start-group,-lxil,-lgcc,-lc,-lstdc++,--end-group
c:/xilinx/sdk/2018.3/gnu/microblaze/nt/bin/../lib/gcc/microblaze-xilinx-elf/7.3.1/../../../../microblaze-xilinx-elf/bin/ld.exe: cannot find -lD:/Shared/USN_study/Private/VHDL/vivado-library-2018.2-1/vivado-library
collect2.exe: error: ld returned 1 exit status
make: *** [makefile:50: ABC_Controller.elf] Error 1
01:22:56 **** Auto Build of configuration Debug for project ABC_Controller ****
make all 
'Building file: ../src/Buzzer.cpp'
'Invoking: MicroBlaze g++ compiler'
mb-g++ -Wall -O0 -g3 -c -fmessage-length=0 -MT"src/Buzzer.o" -I../../ABC_Controller_bsp/microblaze_0/include -mlittle-endian -mcpu=v11.0 -mxl-soft-mul -Wl,--no-relax -ffunction-sections -fdata-sections -MMD -MP -MF"src/Buzzer.d" -MT"src/Buzzer.o" -o "src/Buzzer.o" "../src/Buzzer.cpp"
'Finished building: ../src/Buzzer.cpp'
' '
'Building target: ABC_Controller.elf'
'Invoking: MicroBlaze g++ linker'
mb-g++ -Wl,-T -Wl,../src/lscript.ld -L../../ABC_Controller_bsp/microblaze_0/lib -mlittle-endian -mcpu=v11.0 -mxl-soft-mul -Wl,--no-relax -Wl,--gc-sections -o "ABC_Controller.elf"  ./src/Buzzer.o ./src/LEDs.o ./src/main.o ./src/platform.o   -lD:/Shared/USN_study/Private/VHDL/vivado-library-2018.2-1/vivado-library -Wl,--start-group,-lxil,-lgcc,-lc,-lstdc++,--end-group
c:/xilinx/sdk/2018.3/gnu/microblaze/nt/bin/../lib/gcc/microblaze-xilinx-elf/7.3.1/../../../../microblaze-xilinx-elf/bin/ld.exe: cannot find -lD:/Shared/USN_study/Private/VHDL/vivado-library-2018.2-1/vivado-library
collect2.exe: error: ld returned 1 exit status
make: *** [makefile:50: ABC_Controller.elf] Error 1
